Archive member included to satisfy reference by file (symbol)

/opt/arm-toolchain/bin/../lib/gcc/arm-none-eabi/14.2.1/thumb/v6-m/nofp/libgcc.a(_dvmd_tls.o)
                              CMakeFiles/CS80_DualOutput_Experimental.dir/opt/pico-sdk/src/rp2_common/pico_divider/divider_hardware.S.o (__aeabi_idiv0)
/opt/arm-toolchain/bin/../lib/gcc/arm-none-eabi/14.2.1/../../../../arm-none-eabi/lib/thumb/v6-m/nofp/libg.a(libc_a-calloc.o)
                              CMakeFiles/CS80_DualOutput_Experimental.dir/opt/pico-sdk/src/rp2_common/pico_malloc/malloc.c.o (calloc)
/opt/arm-toolchain/bin/../lib/gcc/arm-none-eabi/14.2.1/../../../../arm-none-eabi/lib/thumb/v6-m/nofp/libg.a(libc_a-callocr.o)
                              /opt/arm-toolchain/bin/../lib/gcc/arm-none-eabi/14.2.1/../../../../arm-none-eabi/lib/thumb/v6-m/nofp/libg.a(libc_a-calloc.o) (_calloc_r)
/opt/arm-toolchain/bin/../lib/gcc/arm-none-eabi/14.2.1/../../../../arm-none-eabi/lib/thumb/v6-m/nofp/libg.a(libc_a-malloc.o)
                              CMakeFiles/CS80_DualOutput_Experimental.dir/opt/pico-sdk/src/rp2_common/pico_malloc/malloc.c.o (malloc)
/opt/arm-toolchain/bin/../lib/gcc/arm-none-eabi/14.2.1/../../../../arm-none-eabi/lib/thumb/v6-m/nofp/libg.a(libc_a-mallocr.o)
                              /opt/arm-toolchain/bin/../lib/gcc/arm-none-eabi/14.2.1/../../../../arm-none-eabi/lib/thumb/v6-m/nofp/libg.a(libc_a-callocr.o) (_malloc_r)
/opt/arm-toolchain/bin/../lib/gcc/arm-none-eabi/14.2.1/../../../../arm-none-eabi/lib/thumb/v6-m/nofp/libg.a(libc_a-mlock.o)
                              /opt/arm-toolchain/bin/../lib/gcc/arm-none-eabi/14.2.1/../../../../arm-none-eabi/lib/thumb/v6-m/nofp/libg.a(libc_a-mallocr.o) (__malloc_lock)
/opt/arm-toolchain/bin/../lib/gcc/arm-none-eabi/14.2.1/../../../../arm-none-eabi/lib/thumb/v6-m/nofp/libg.a(libc_a-realloc.o)
                              CMakeFiles/CS80_DualOutput_Experimental.dir/opt/pico-sdk/src/rp2_common/pico_malloc/malloc.c.o (realloc)
/opt/arm-toolchain/bin/../lib/gcc/arm-none-eabi/14.2.1/../../../../arm-none-eabi/lib/thumb/v6-m/nofp/libg.a(libc_a-reallocr.o)
                              /opt/arm-toolchain/bin/../lib/gcc/arm-none-eabi/14.2.1/../../../../arm-none-eabi/lib/thumb/v6-m/nofp/libg.a(libc_a-realloc.o) (_realloc_r)
/opt/arm-toolchain/bin/../lib/gcc/arm-none-eabi/14.2.1/../../../../arm-none-eabi/lib/thumb/v6-m/nofp/libg.a(libc_a-memcmp.o)
                              CMakeFiles/CS80_DualOutput_Experimental.dir/opt/pico-sdk/src/rp2_common/pico_atomic/atomic.c.o (memcmp)
/opt/arm-toolchain/bin/../lib/gcc/arm-none-eabi/14.2.1/../../../../arm-none-eabi/lib/thumb/v6-m/nofp/libg.a(libc_a-memmove.o)
                              CMakeFiles/CS80_DualOutput_Experimental.dir/CS80.cpp.o (memmove)
/opt/arm-toolchain/bin/../lib/gcc/arm-none-eabi/14.2.1/../../../../arm-none-eabi/lib/thumb/v6-m/nofp/libg.a(libc_a-lcltime_r.o)
                              CMakeFiles/CS80_DualOutput_Experimental.dir/opt/pico-sdk/src/common/pico_util/datetime.c.o (localtime_r)
/opt/arm-toolchain/bin/../lib/gcc/arm-none-eabi/14.2.1/../../../../arm-none-eabi/lib/thumb/v6-m/nofp/libg.a(libc_a-mktime.o)
                              CMakeFiles/CS80_DualOutput_Experimental.dir/opt/pico-sdk/src/common/pico_util/datetime.c.o (mktime)
/opt/arm-toolchain/bin/../lib/gcc/arm-none-eabi/14.2.1/../../../../arm-none-eabi/lib/thumb/v6-m/nofp/libg.a(libc_a-month_lengths.o)
                              /opt/arm-toolchain/bin/../lib/gcc/arm-none-eabi/14.2.1/../../../../arm-none-eabi/lib/thumb/v6-m/nofp/libg.a(libc_a-lcltime_r.o) (__month_lengths)
/opt/arm-toolchain/bin/../lib/gcc/arm-none-eabi/14.2.1/../../../../arm-none-eabi/lib/thumb/v6-m/nofp/libg.a(libc_a-tzcalc_limits.o)
                              /opt/arm-toolchain/bin/../lib/gcc/arm-none-eabi/14.2.1/../../../../arm-none-eabi/lib/thumb/v6-m/nofp/libg.a(libc_a-lcltime_r.o) (__tzcalc_limits)
/opt/arm-toolchain/bin/../lib/gcc/arm-none-eabi/14.2.1/../../../../arm-none-eabi/lib/thumb/v6-m/nofp/libg.a(libc_a-tzlock.o)
                              /opt/arm-toolchain/bin/../lib/gcc/arm-none-eabi/14.2.1/../../../../arm-none-eabi/lib/thumb/v6-m/nofp/libg.a(libc_a-lcltime_r.o) (__tz_lock)
/opt/arm-toolchain/bin/../lib/gcc/arm-none-eabi/14.2.1/../../../../arm-none-eabi/lib/thumb/v6-m/nofp/libg.a(libc_a-tzset.o)
                              /opt/arm-toolchain/bin/../lib/gcc/arm-none-eabi/14.2.1/../../../../arm-none-eabi/lib/thumb/v6-m/nofp/libg.a(libc_a-lcltime_r.o) (_tzset_unlocked)
/opt/arm-toolchain/bin/../lib/gcc/arm-none-eabi/14.2.1/../../../../arm-none-eabi/lib/thumb/v6-m/nofp/libg.a(libc_a-tzset_r.o)
                              /opt/arm-toolchain/bin/../lib/gcc/arm-none-eabi/14.2.1/../../../../arm-none-eabi/lib/thumb/v6-m/nofp/libg.a(libc_a-tzset.o) (_tzset_unlocked_r)
/opt/arm-toolchain/bin/../lib/gcc/arm-none-eabi/14.2.1/../../../../arm-none-eabi/lib/thumb/v6-m/nofp/libg.a(libc_a-tzvars.o)
[...]
Memory Configuration

Name             Origin             Length             Attributes
FLASH            0x10000000         0x00200000         xr
RAM              0x20000000         0x00040000         xrw
SCRATCH_X        0x20040000         0x00001000         xrw
SCRATCH_Y        0x20041000         0x00001000         xrw
*default*        0x00000000         0xffffffff

Linker script and memory map

LOAD /opt/arm-toolchain/bin/../lib/gcc/arm-none-eabi/14.2.1/thumb/v6-m/nofp/crti.o
LOAD /opt/arm-toolchain/bin/../lib/gcc/arm-none-eabi/14.2.1/thumb/v6-m/nofp/crtbegin.o
LOAD /opt/arm-toolchain/bin/../lib/gcc/arm-none-eabi/14.2.1/../../../../arm-none-eabi/lib/thumb/v6-m/nofp/crt0.o

.flash_begin    0x10000000        0x0
                0x10000000                        __flash_binary_start = .

.boot2          0x10000000      0x100
                0x10000000                        __boot2_start__ = .
 *(.boot2)
 .boot2         0x10000000      0x100 pico-sdk/src/rp2040/boot_stage2/CMakeFiles/bs2_default_library.dir/bs2_default_padded_checksummed.S.o
                0x10000100                        __boot2_end__ = .
                0x00000001                        ASSERT (((__boot2_end__ - __boot2_start__) == 0x100), ERROR: Pico second stage bootloader must be 256 bytes in size)

.flashtext      0x10000100      0x190
                0x10000100                        __logical_binary_start = .
 *(.vectors)
 .vectors       0x10000100       0xd4 CMakeFiles/CS80_DualOutput_Experimental.dir/opt/pico-sdk/src/rp2_common/pico_crt0/crt0.S.o
                0x10000100                __vectors
                0x10000100                __VECTOR_TABLE
                0x100001c0                isr_irq30
                0x100001c0                __unhandled_user_irq
                0x100001c0                isr_irq13
                0x100001c0                isr_irq27
                0x100001c0                isr_irq31
                0x100001c0                isr_irq5
                0x100001c0                isr_irq11
                0x100001c0                isr_irq23
                0x100001c0                isr_irq18
                0x100001c0                isr_irq28
                0x100001c0                isr_irq19
                0x100001c0                isr_irq0
                0x100001c0                isr_irq6
                0x100001c0                isr_irq22
                0x100001c0                isr_irq17
                0x100001c0                isr_irq14
                0x100001c0                __vectors_end
                0x100001c0                __default_isrs_start
                0x100001c0                isr_irq2
                0x100001c0                isr_irq10
                0x100001c0                isr_irq8
                0x100001c0                isr_irq24
                0x100001c0                isr_irq1
                0x100001c0                isr_irq7
                0x100001c0                isr_irq21
                0x100001c0                isr_irq20
                0x100001c0                isr_irq15
                0x100001c0                isr_irq25
                0x100001c0                isr_irq4
                0x100001c0                isr_irq16
                0x100001c0                isr_irq29
                0x100001c0                isr_irq26
                0x100001c0                isr_irq3
                0x100001c0                isr_irq12
                0x100001c0                isr_irq9
                0x100001c6                unhandled_user_irq_num_in_r0
                0x100001c8                isr_invalid
                0x100001ca                isr_nmi
                0x100001cc                isr_hardfault
                0x100001ce                isr_svcall
                0x100001d0                isr_pendsv
                0x100001d2                isr_systick
                0x100001d4                __default_isrs_end
 *(.binary_info_header)
 .binary_info_header
                0x100001d4       0x14 CMakeFiles/CS80_DualOutput_Experimental.dir/opt/pico-sdk/src/rp2_common/pico_crt0/crt0.S.o
                0x100001e8                        __binary_info_header_end = .
 *(.embedded_block)
                0x100001e8                        __embedded_block_end = .
 *(.reset)
 .reset         0x100001e8       0xa8 CMakeFiles/CS80_DualOutput_Experimental.dir/opt/pico-sdk/src/rp2_common/pico_crt0/crt0.S.o
                0x100001e8                _entry_point

.rodata         0x10000290        0x0
 *(SORT_BY_ALIGNMENT(SORT_BY_NAME(.flashdata*)))
                0x10000290                        . = ALIGN (0x4)

.ARM.extab
 *(.ARM.extab* .gnu.linkonce.armextab.*)
                0x10000290                        __exidx_start = .

.ARM.exidx
 *(.ARM.exidx* .gnu.linkonce.armexidx.*)
                0x10000290                        __exidx_end = .
                0x10000290                        . = ALIGN (0x4)
                0x10000290                        __binary_info_start = .

.binary_info    0x10000290       0x24
 *(.binary_info.keep.*)
 .binary_info.keep.__bi_ptr84
                0x10000290        0x4 CMakeFiles/CS80_DualOutput_Experimental.dir/opt/pico-sdk/src/rp2_common/pico_standard_binary_info/standard_binary_info.c.o
 .binary_info.keep.__bi_ptr78
                0x10000294        0x4 CMakeFiles/CS80_DualOutput_Experimental.dir/opt/pico-sdk/src/rp2_common/pico_standard_binary_info/standard_binary_info.c.o
 .binary_info.keep.__bi_ptr54
                0x10000298        0x4 CMakeFiles/CS80_DualOutput_Experimental.dir/opt/pico-sdk/src/rp2_common/pico_standard_binary_info/standard_binary_info.c.o
 .binary_info.keep.__bi_ptr48
                0x1000029c        0x4 CMakeFiles/CS80_DualOutput_Experimental.dir/opt/pico-sdk/src/rp2_common/pico_standard_binary_info/standard_binary_info.c.o
 .binary_info.keep.__bi_ptr42
                0x100002a0        0x4 CMakeFiles/CS80_DualOutput_Experimental.dir/opt/pico-sdk/src/rp2_common/pico_standard_binary_info/standard_binary_info.c.o
 .binary_info.keep.__bi_ptr34
                0x100002a4        0x4 CMakeFiles/CS80_DualOutput_Experimental.dir/opt/pico-sdk/src/rp2_common/pico_standard_binary_info/standard_binary_info.c.o
 .binary_info.keep.__bi_ptr26
                0x100002a8        0x4 CMakeFiles/CS80_DualOutput_Experimental.dir/opt/pico-sdk/src/rp2_common/pico_standard_binary_info/standard_binary_info.c.o
 .binary_info.keep.__bi_ptr198
                0x100002ac        0x4 CMakeFiles/CS80_DualOutput_Experimental.dir/opt/pico-sdk/lib/tinyusb/hw/bsp/rp2040/family.c.o
 .binary_info.keep.__bi_ptr188
                0x100002b0        0x4 CMakeFiles/CS80_DualOutput_Experimental.dir/opt/pico-sdk/lib/tinyusb/hw/bsp/rp2040/family.c.o
 *(.binary_info.*)
                0x100002b4                        __binary_info_end = .
                0x100002b4                        . = ALIGN (0x4)

.ram_vector_table
                0x20000000       0xc0
 *(.ram_vector_table)
 .ram_vector_table
                0x20000000       0xc0 CMakeFiles/CS80_DualOutput_Experimental.dir/opt/pico-sdk/src/rp2_common/pico_runtime_init/runtime_init.c.o
                0x20000000                ram_vector_table

.uninitialized_data
                0x200000c0        0x0
                0x200000c0                        . = ALIGN (0x4)
 *(.uninitialized_data*)

.text           0x200000c0    0x1000c load address 0x100002b4
                0x200000c0                        __ram_text_start__ = .
 *(.init)
 .init          0x200000c0        0x4 /opt/arm-toolchain/bin/../lib/gcc/arm-none-eabi/14.2.1/thumb/v6-m/nofp/crti.o
                0x200000c0                _init
 *(.text*)
 .text.register_tm_clones
                0x200000c4       0x28 /opt/arm-toolchain/bin/../lib/gcc/arm-none-eabi/14.2.1/thumb/v6-m/nofp/crtbegin.o
 .text.frame_dummy
                0x200000ec       0x24 /opt/arm-toolchain/bin/../lib/gcc/arm-none-eabi/14.2.1/thumb/v6-m/nofp/crtbegin.o
 .text._ZN12ComputerCard11OnCVPWMWrapEv
                0x20000110       0x6c CMakeFiles/CS80_DualOutput_Experimental.dir/CS80.cpp.o
                0x20000110                ComputerCard::OnCVPWMWrap()
 .text._ZN12ComputerCard18ReadByteFromEEPROMEjRb.constprop.0
                0x2000017c       0x98 CMakeFiles/CS80_DualOutput_Experimental.dir/CS80.cpp.o
 .text._ZN12ComputerCard13AudioCallbackEv
                0x20000214       0x10 CMakeFiles/CS80_DualOutput_Experimental.dir/CS80.cpp.o
                0x20000214                ComputerCard::AudioCallback()
 .text._ZN12ComputerCard20ProbeHardwareVersionEv
                0x20000224       0xc0 CMakeFiles/CS80_DualOutput_Experimental.dir/CS80.cpp.o
                0x20000224                ComputerCard::ProbeHardwareVersion()
 .text._ZN12ComputerCard13CalcCalCoeffsEi
                0x200002e4      0x4a8 CMakeFiles/CS80_DualOutput_Experimental.dir/CS80.cpp.o
                0x200002e4                ComputerCard::CalcCalCoeffs(int)
 .text._ZN12ComputerCard10ReadEEPROMEv
                0x2000078c      0x3d0 CMakeFiles/CS80_DualOutput_Experimental.dir/CS80.cpp.o
                0x2000078c                ComputerCard::ReadEEPROM()
 .text._ZN12ComputerCardC2Ev
                0x20000b5c      0x44c CMakeFiles/CS80_DualOutput_Experimental.dir/CS80.cpp.o
                0x20000b5c                ComputerCard::ComputerCard()
                0x20000b5c                ComputerCard::ComputerCard()
 .text._ZN8CS80CardC2Ev
                0x20000fa8      0x8e4 CMakeFiles/CS80_DualOutput_Experimental.dir/CS80.cpp.o
                0x20000fa8                CS80Card::CS80Card()
                0x20000fa8                CS80Card::CS80Card()
 .text._ZN8CS80Card11renderVoiceERNS_10VoiceStateEblll
                0x2000188c      0x528 CMakeFiles/CS80_DualOutput_Experimental.dir/CS80.cpp.o
                0x2000188c                CS80Card::renderVoice(CS80Card::VoiceState&, bool, long, long, long)
 .text._ZN8CS80Card22savePatchBankIfChangedEv
                0x20001db4      0x15c CMakeFiles/CS80_DualOutput_Experimental.dir/CS80.cpp.o
                0x20001db4                CS80Card::savePatchBankIfChanged()
 .text._ZN8CS80Card13ProcessSampleEv
                0x20001f10     0x1424 CMakeFiles/CS80_DualOutput_Experimental.dir/CS80.cpp.o
                0x20001f10                CS80Card::ProcessSample()
 .text._Z11core1Workerv
                0x20003334     0x2624 CMakeFiles/CS80_DualOutput_Experimental.dir/CS80.cpp.o
                0x20003334                core1Worker()
 .text.tuh_midi_mount_cb
                0x20005958       0x10 CMakeFiles/CS80_DualOutput_Experimental.dir/CS80.cpp.o
                0x20005958                tuh_midi_mount_cb
 .text.tuh_midi_umount_cb
                0x20005968       0x14 CMakeFiles/CS80_DualOutput_Experimental.dir/CS80.cpp.o
                0x20005968                tuh_midi_umount_cb
 .text.tuh_midi_rx_cb
                0x2000597c     0x212c CMakeFiles/CS80_DualOutput_Experimental.dir/CS80.cpp.o
                0x2000597c                tuh_midi_rx_cb
 .text.tuh_midi_tx_cb
                0x20007aa8        0x4 CMakeFiles/CS80_DualOutput_Experimental.dir/CS80.cpp.o
                0x20007aa8                tuh_midi_tx_cb
 .text.startup.main
                0x20007aac       0x58 CMakeFiles/CS80_DualOutput_Experimental.dir/CS80.cpp.o
                0x20007aac                main
 .text.startup._GLOBAL__sub_I__ZN12ComputerCard7cvValueE
                0x20007b04       0x10 CMakeFiles/CS80_DualOutput_Experimental.dir/CS80.cpp.o
 .text.tud_descriptor_device_cb
                0x20007b14        0x8 CMakeFiles/CS80_DualOutput_Experimental.dir/usb_descriptors.c.o
                0x20007b14                tud_descriptor_device_cb
 .text.tud_descriptor_configuration_cb
                0x20007b1c        0x8 CMakeFiles/CS80_DualOutput_Experimental.dir/usb_descriptors.c.o
                0x20007b1c                tud_descriptor_configuration_cb
 .text.tud_descriptor_string_cb
                0x20007b24       0x74 CMakeFiles/CS80_DualOutput_Experimental.dir/usb_descriptors.c.o
                0x20007b24                tud_descriptor_string_cb
 .text.write_flush.constprop.0
                0x20007b98       0x64 CMakeFiles/CS80_DualOutput_Experimental.dir/usb_midi_host.c.o
 .text.midih_init
                0x20007bfc       0xa0 CMakeFiles/CS80_DualOutput_Experimental.dir/usb_midi_host.c.o
                0x20007bfc                midih_init
 .text.midih_deinit
                0x20007c9c       0x40 CMakeFiles/CS80_DualOutput_Experimental.dir/usb_midi_host.c.o
                0x20007c9c                midih_deinit
 .text.midih_xfer_cb
                0x20007cdc       0xf4 CMakeFiles/CS80_DualOutput_Experimental.dir/usb_midi_host.c.o
                0x20007cdc                midih_xfer_cb
 .text.midih_close
                0x20007dd0       0x60 CMakeFiles/CS80_DualOutput_Experimental.dir/usb_midi_host.c.o
                0x20007dd0                midih_close
 .text.midih_open
                0x20007e30      0x1f4 CMakeFiles/CS80_DualOutput_Experimental.dir/usb_midi_host.c.o
                0x20007e30                midih_open
 .text.midih_set_config
                0x20008024       0x58 CMakeFiles/CS80_DualOutput_Experimental.dir/usb_midi_host.c.o
                0x20008024                midih_set_config
 .text.tuh_midi_stream_read
                0x2000807c      0x1d4 CMakeFiles/CS80_DualOutput_Experimental.dir/usb_midi_host.c.o
                0x2000807c                tuh_midi_stream_read
 .text.usbh_app_driver_get_cb
                0x20008250        0xc CMakeFiles/CS80_DualOutput_Experimental.dir/usb_midi_host_app_driver.c.o
                0x20008250                usbh_app_driver_get_cb
 .text.gpio_set_function
                0x2000825c       0x34 CMakeFiles/CS80_DualOutput_Experimental.dir/opt/pico-sdk/src/rp2_common/hardware_gpio/gpio.c.o
                0x2000825c                gpio_set_function
 .text.gpio_set_pulls
                0x20008290       0x28 CMakeFiles/CS80_DualOutput_Experimental.dir/opt/pico-sdk/src/rp2_common/hardware_gpio/gpio.c.o
                0x20008290                gpio_set_pulls
 .text.gpio_set_input_enabled
                0x200082b8       0x28 CMakeFiles/CS80_DualOutput_Experimental.dir/opt/pico-sdk/src/rp2_common/hardware_gpio/gpio.c.o
                0x200082b8                gpio_set_input_enabled
 .text.gpio_init
                0x200082e0       0x40 CMakeFiles/CS80_DualOutput_Experimental.dir/opt/pico-sdk/src/rp2_common/hardware_gpio/gpio.c.o
                0x200082e0                gpio_init
 .text.rp2040_chip_version
                0x20008320        0xc CMakeFiles/CS80_DualOutput_Experimental.dir/opt/pico-sdk/src/rp2040/pico_platform/platform.c.o
                0x20008320                rp2040_chip_version
 .text.panic    0x2000832c       0x30 CMakeFiles/CS80_DualOutput_Experimental.dir/opt/pico-sdk/src/rp2_common/pico_platform_panic/panic.c.o
                0x2000832c                panic
 .text.hw_claim_or_assert
                0x2000835c       0x44 CMakeFiles/CS80_DualOutput_Experimental.dir/opt/pico-sdk/src/common/hardware_claim/claim.c.o
                0x2000835c                hw_claim_or_assert
 .text.hw_claim_unused_from_range
                0x200083a0       0x88 CMakeFiles/CS80_DualOutput_Experimental.dir/opt/pico-sdk/src/common/hardware_claim/claim.c.o
                0x200083a0                hw_claim_unused_from_range
 .text.next_striped_spin_lock_num
                0x20008428       0x18 CMakeFiles/CS80_DualOutput_Experimental.dir/opt/pico-sdk/src/rp2_common/hardware_sync/sync.c.o
                0x20008428                next_striped_spin_lock_num
 .text.spin_lock_claim_unused
                0x20008440       0x24 CMakeFiles/CS80_DualOutput_Experimental.dir/opt/pico-sdk/src/rp2_common/hardware_sync/sync.c.o
                0x20008440                spin_lock_claim_unused
 .text.spin_locks_reset
                0x20008464       0x1c CMakeFiles/CS80_DualOutput_Experimental.dir/opt/pico-sdk/src/rp2_common/hardware_sync_spin_lock/sync_spin_lock.c.o
                0x20008464                spin_locks_reset
 .text.runtime_init_per_core_irq_priorities
                0x20008480       0x24 CMakeFiles/CS80_DualOutput_Experimental.dir/opt/pico-sdk/src/rp2_common/hardware_irq/irq.c.o
                0x20008480                runtime_init_per_core_irq_priorities
 .text.irq_set_enabled
                0x200084a4       0x24 CMakeFiles/CS80_DualOutput_Experimental.dir/opt/pico-sdk/src/rp2_common/hardware_irq/irq.c.o
                0x200084a4                irq_set_enabled
 .text.irq_is_enabled
                0x200084c8       0x18 CMakeFiles/CS80_DualOutput_Experimental.dir/opt/pico-sdk/src/rp2_common/hardware_irq/irq.c.o
                0x200084c8                irq_is_enabled
 .text.irq_set_exclusive_handler
                0x200084e0       0x54 CMakeFiles/CS80_DualOutput_Experimental.dir/opt/pico-sdk/src/rp2_common/hardware_irq/irq.c.o
                0x200084e0                irq_set_exclusive_handler
 .text.irq_add_shared_handler
                0x20008534      0x1f4 CMakeFiles/CS80_DualOutput_Experimental.dir/opt/pico-sdk/src/rp2_common/hardware_irq/irq.c.o
                0x20008534                irq_add_shared_handler
 .text.irq_remove_handler
                0x20008728      0x1d4 CMakeFiles/CS80_DualOutput_Experimental.dir/opt/pico-sdk/src/rp2_common/hardware_irq/irq.c.o
                0x20008728                irq_remove_handler
 .text.irq_set_priority
                0x200088fc       0x28 CMakeFiles/CS80_DualOutput_Experimental.dir/opt/pico-sdk/src/rp2_common/hardware_irq/irq.c.o
                0x200088fc                irq_set_priority
 .text.irq_add_tail_to_free_list
                0x20008924       0xb4 CMakeFiles/CS80_DualOutput_Experimental.dir/opt/pico-sdk/src/rp2_common/hardware_irq/irq.c.o
                0x20008924                irq_add_tail_to_free_list
 .text.lock_init
                0x200089d8       0x10 CMakeFiles/CS80_DualOutput_Experimental.dir/opt/pico-sdk/src/common/pico_sync/lock_core.c.o
                0x200089d8                lock_init
 .text.runtime_init_mutex
                0x200089e8       0x50 CMakeFiles/CS80_DualOutput_Experimental.dir/opt/pico-sdk/src/common/pico_sync/mutex.c.o
                0x200089e8                runtime_init_mutex
 .text.mutex_init
                0x20008a38       0x1c CMakeFiles/CS80_DualOutput_Experimental.dir/opt/pico-sdk/src/common/pico_sync/mutex.c.o
                0x20008a38                mutex_init
 .text.critical_section_init
                0x20008a54       0x1c CMakeFiles/CS80_DualOutput_Experimental.dir/opt/pico-sdk/src/common/pico_sync/critical_section.c.o
                0x20008a54                critical_section_init
 .text.sleep_until_callback
                0x20008a70       0x30 CMakeFiles/CS80_DualOutput_Experimental.dir/opt/pico-sdk/src/common/pico_time/time.c.o
 .text.alarm_pool_irq_handler
                0x20008aa0      0x300 CMakeFiles/CS80_DualOutput_Experimental.dir/opt/pico-sdk/src/common/pico_time/time.c.o
 .text.runtime_init_default_alarm_pool
                0x20008da0       0xdc CMakeFiles/CS80_DualOutput_Experimental.dir/opt/pico-sdk/src/common/pico_time/time.c.o
                0x20008da0                runtime_init_default_alarm_pool
 .text.alarm_pool_add_alarm_at_force_in_context
                0x20008e7c       0xb0 CMakeFiles/CS80_DualOutput_Experimental.dir/opt/pico-sdk/src/common/pico_time/time.c.o
                0x20008e7c                alarm_pool_add_alarm_at_force_in_context
 .text.alarm_pool_cancel_alarm
                0x20008f2c       0x74 CMakeFiles/CS80_DualOutput_Experimental.dir/opt/pico-sdk/src/common/pico_time/time.c.o
                0x20008f2c                alarm_pool_cancel_alarm
 .text.sleep_us
                0x20008fa0       0xec CMakeFiles/CS80_DualOutput_Experimental.dir/opt/pico-sdk/src/common/pico_time/time.c.o
                0x20008fa0                sleep_us
 .text.sleep_ms
                0x2000908c       0xfc CMakeFiles/CS80_DualOutput_Experimental.dir/opt/pico-sdk/src/common/pico_time/time.c.o
                0x2000908c                sleep_ms
 .text.best_effort_wfe_or_timeout
                0x20009188      0x10c CMakeFiles/CS80_DualOutput_Experimental.dir/opt/pico-sdk/src/common/pico_time/time.c.o
                0x20009188                best_effort_wfe_or_timeout
 .text.check_single_timeout_us
                0x20009294       0x24 CMakeFiles/CS80_DualOutput_Experimental.dir/opt/pico-sdk/src/common/pico_time/timeout_helper.c.o
 .text.init_single_timeout_until
                0x200092b8        0xc CMakeFiles/CS80_DualOutput_Experimental.dir/opt/pico-sdk/src/common/pico_time/timeout_helper.c.o
                0x200092b8                init_single_timeout_until
 .text.timer_hardware_alarm_claim
                0x200092c4       0x14 CMakeFiles/CS80_DualOutput_Experimental.dir/opt/pico-sdk/src/rp2_common/hardware_timer/timer.c.o
                0x200092c4                timer_hardware_alarm_claim
 .text.timer_time_us_64
                0x200092d8       0x10 CMakeFiles/CS80_DualOutput_Experimental.dir/opt/pico-sdk/src/rp2_common/hardware_timer/timer.c.o
                0x200092d8                timer_time_us_64
 .text.time_us_64
                0x200092e8       0x14 CMakeFiles/CS80_DualOutput_Experimental.dir/opt/pico-sdk/src/rp2_common/hardware_timer/timer.c.o
                0x200092e8                time_us_64
 .text.busy_wait_until
                0x200092fc       0x20 CMakeFiles/CS80_DualOutput_Experimental.dir/opt/pico-sdk/src/rp2_common/hardware_timer/timer.c.o
                0x200092fc                busy_wait_until
 .text.clock_configure_int_divider
                0x2000931c       0xf4 CMakeFiles/CS80_DualOutput_Experimental.dir/opt/pico-sdk/src/rp2_common/hardware_clocks/clocks.c.o
                0x2000931c                clock_configure_int_divider
 .text.clock_configure_undivided
                0x20009410       0xe8 CMakeFiles/CS80_DualOutput_Experimental.dir/opt/pico-sdk/src/rp2_common/hardware_clocks/clocks.c.o
                0x20009410                clock_configure_undivided
 .text.clock_get_hz
                0x200094f8        0xc CMakeFiles/CS80_DualOutput_Experimental.dir/opt/pico-sdk/src/rp2_common/hardware_clocks/clocks.c.o
                0x200094f8                clock_get_hz
 .text.set_sys_clock_pll
                0x20009504      0x1b8 CMakeFiles/CS80_DualOutput_Experimental.dir/opt/pico-sdk/src/rp2_common/hardware_clocks/clocks.c.o
                0x20009504                set_sys_clock_pll
 .text.check_sys_clock_khz
                0x200096bc      0x26c CMakeFiles/CS80_DualOutput_Experimental.dir/opt/pico-sdk/src/rp2_common/hardware_clocks/clocks.c.o
                0x200096bc                check_sys_clock_khz
 .text.pll_init
                0x20009928       0xa4 CMakeFiles/CS80_DualOutput_Experimental.dir/opt/pico-sdk/src/rp2_common/hardware_pll/pll.c.o
                0x20009928                pll_init
 .text.tick_start
                0x200099cc       0x10 CMakeFiles/CS80_DualOutput_Experimental.dir/opt/pico-sdk/src/rp2_common/hardware_ticks/ticks.c.o
                0x200099cc                tick_start
 .text.rom_func_lookup
                0x200099dc       0x10 CMakeFiles/CS80_DualOutput_Experimental.dir/opt/pico-sdk/src/rp2_common/pico_bootrom/bootrom.c.o
                0x200099dc                rom_func_lookup
 .text.rom_data_lookup
                0x200099ec       0x10 CMakeFiles/CS80_DualOutput_Experimental.dir/opt/pico-sdk/src/rp2_common/pico_bootrom/bootrom.c.o
                0x200099ec                rom_data_lookup
 .text.rom_funcs_lookup
                0x200099fc       0x44 CMakeFiles/CS80_DualOutput_Experimental.dir/opt/pico-sdk/src/rp2_common/pico_bootrom/bootrom.c.o
                0x200099fc                rom_funcs_lookup
 .text.xosc_init
                0x20009a40       0x28 CMakeFiles/CS80_DualOutput_Experimental.dir/opt/pico-sdk/src/rp2_common/hardware_xosc/xosc.c.o
                0x20009a40                xosc_init
 .text.first_per_core_initializer
                0x20009a68        0x4 CMakeFiles/CS80_DualOutput_Experimental.dir/opt/pico-sdk/src/rp2_common/pico_runtime/runtime.c.o
 .text.hard_assertion_failure
                0x20009a6c        0xc CMakeFiles/CS80_DualOutput_Experimental.dir/opt/pico-sdk/src/rp2_common/pico_runtime/runtime.c.o
                0x20009a6c                hard_assertion_failure
 .text.runtime_run_initializers
                0x20009a78       0x28 CMakeFiles/CS80_DualOutput_Experimental.dir/opt/pico-sdk/src/rp2_common/pico_runtime/runtime.c.o
                0x20009a78                runtime_run_initializers
 .text.runtime_run_per_core_initializers
                0x20009aa0       0x28 CMakeFiles/CS80_DualOutput_Experimental.dir/opt/pico-sdk/src/rp2_common/pico_runtime/runtime.c.o
                0x20009aa0                runtime_run_per_core_initializers
 .text.runtime_init_early_resets
                0x20009ac8       0x2c CMakeFiles/CS80_DualOutput_Experimental.dir/opt/pico-sdk/src/rp2_common/pico_runtime_init/runtime_init.c.o
                0x20009ac8                runtime_init_early_resets
 .text.runtime_init_usb_power_down
                0x20009af4       0x1c CMakeFiles/CS80_DualOutput_Experimental.dir/opt/pico-sdk/src/rp2_common/pico_runtime_init/runtime_init.c.o
                0x20009af4                runtime_init_usb_power_down
 .text.runtime_init_post_clock_resets
                0x20009b10       0x20 CMakeFiles/CS80_DualOutput_Experimental.dir/opt/pico-sdk/src/rp2_common/pico_runtime_init/runtime_init.c.o
                0x20009b10                runtime_init_post_clock_resets
 .text.runtime_init_rp2040_gpio_ie_disable
                0x20009b30       0x14 CMakeFiles/CS80_DualOutput_Experimental.dir/opt/pico-sdk/src/rp2_common/pico_runtime_init/runtime_init.c.o
                0x20009b30                runtime_init_rp2040_gpio_ie_disable
 .text.runtime_init_spin_locks_reset
                0x20009b44        0x8 CMakeFiles/CS80_DualOutput_Experimental.dir/opt/pico-sdk/src/rp2_common/pico_runtime_init/runtime_init.c.o
                0x20009b44                runtime_init_spin_locks_reset
 .text.runtime_init_install_ram_vector_table
                0x20009b4c       0xb4 CMakeFiles/CS80_DualOutput_Experimental.dir/opt/pico-sdk/src/rp2_common/pico_runtime_init/runtime_init.c.o
                0x20009b4c                runtime_init_install_ram_vector_table
 .text.runtime_init_clocks
                0x20009c00       0xd8 CMakeFiles/CS80_DualOutput_Experimental.dir/opt/pico-sdk/src/rp2_common/pico_runtime_init/runtime_init_clocks.c.o
                0x20009c00                runtime_init_clocks
 .text          0x20009cd8       0x10 CMakeFiles/CS80_DualOutput_Experimental.dir/opt/pico-sdk/src/rp2_common/pico_bit_ops/bit_ops_aeabi.S.o
 .text.__wrap___aeabi_idiv
                0x20009ce8       0x50 CMakeFiles/CS80_DualOutput_Experimental.dir/opt/pico-sdk/src/rp2_common/pico_divider/divider_hardware.S.o
                0x20009ce8                __wrap___aeabi_idivmod
                0x20009ce8                divmod_s32s32
                0x20009ce8                div_s32s32
                0x20009ce8                __wrap___aeabi_idiv
                0x20009cf0                divmod_s32s32_unsafe
                0x20009d1c                divmod_s32s32_savestate
 .text.__wrap___aeabi_uidiv
                0x20009d38       0x4c CMakeFiles/CS80_DualOutput_Experimental.dir/opt/pico-sdk/src/rp2_common/pico_divider/divider_hardware.S.o
                0x20009d38                __wrap___aeabi_uidiv
                0x20009d38                __wrap___aeabi_uidivmod
                0x20009d38                div_u32u32
                0x20009d38                divmod_u32u32
                0x20009d40                divmod_u32u32_unsafe
                0x20009d68                divmod_u32u32_savestate
 .text.__aeabi_double_init
                0x20009d84       0xa4 CMakeFiles/CS80_DualOutput_Experimental.dir/opt/pico-sdk/src/rp2_common/pico_double/double_init_rom_rp2040.c.o
                0x20009d84                __aeabi_double_init
 .text.double_table_shim_on_use_helper
                0x20009e28       0x2c CMakeFiles/CS80_DualOutput_Experimental.dir/opt/pico-sdk/src/rp2_common/pico_double/double_v1_rom_shim_rp2040.S.o
                0x20009e28                double_table_shim_on_use_helper
 .text.__aeabi_lmul
                0x20009e54       0x32 CMakeFiles/CS80_DualOutput_Experimental.dir/opt/pico-sdk/src/rp2_common/pico_int64_ops/pico_int64_ops_aeabi.S.o
                0x20009e54                __wrap___aeabi_lmul
 *fill*         0x20009e86        0x2 
 .text.__wrap___aeabi_farithmetic
                0x20009e88       0x48 CMakeFiles/CS80_DualOutput_Experimental.dir/opt/pico-sdk/src/rp2_common/pico_float/float_aeabi_rp2040.S.o
                0x20009e88                __wrap___aeabi_frsub
                0x20009e8e                __wrap___aeabi_fsub
                0x20009e94                __wrap___aeabi_fadd
                0x20009e9a                __wrap___aeabi_fdiv
                0x20009ec2                __wrap___aeabi_fmul
 .text.__wrap___aeabi_cfcmple
                0x20009ed0       0x50 CMakeFiles/CS80_DualOutput_Experimental.dir/opt/pico-sdk/src/rp2_common/pico_float/float_aeabi_rp2040.S.o
                0x20009ed0                __wrap___aeabi_cfrcmple
                0x20009edc                __wrap___aeabi_cfcmpeq
                0x20009edc                __wrap___aeabi_cfcmple
 .text.__wrap___aeabi_fcmpeq
                0x20009f20       0x10 CMakeFiles/CS80_DualOutput_Experimental.dir/opt/pico-sdk/src/rp2_common/pico_float/float_aeabi_rp2040.S.o
                0x20009f20                __wrap___aeabi_fcmpeq
 .text.__wrap___aeabi_i2f
                0x20009f30       0x44 CMakeFiles/CS80_DualOutput_Experimental.dir/opt/pico-sdk/src/rp2_common/pico_float/float_aeabi_rp2040.S.o
                0x20009f30                int2float
                0x20009f30                __wrap___aeabi_i2f
 .text.__wrap___aeabi_f2iz
                0x20009f74       0x4e CMakeFiles/CS80_DualOutput_Experimental.dir/opt/pico-sdk/src/rp2_common/pico_float/float_aeabi_rp2040.S.o
                0x20009f74                __wrap___aeabi_f2iz
                0x20009f74                float2int_z
 *fill*         0x20009fc2        0x2 
 .text.float2int
                0x20009fc4       0x14 CMakeFiles/CS80_DualOutput_Experimental.dir/opt/pico-sdk/src/rp2_common/pico_float/float_aeabi_rp2040.S.o
                0x20009fc4                float2int
 .text.__wrap___aeabi_f2uiz
                0x20009fd8        0xc CMakeFiles/CS80_DualOutput_Experimental.dir/opt/pico-sdk/src/rp2_common/pico_float/float_aeabi_rp2040.S.o
                0x20009fd8                float2uint
                0x20009fd8                float2uint_z
                0x20009fd8                __wrap___aeabi_f2uiz
 .text.__aeabi_float_init
                0x20009fe4       0x64 CMakeFiles/CS80_DualOutput_Experimental.dir/opt/pico-sdk/src/rp2_common/pico_float/float_init_rom_rp2040.c.o
                0x20009fe4                __aeabi_float_init
 .text.float_table_shim_on_use_helper
                0x2000a048       0x2c CMakeFiles/CS80_DualOutput_Experimental.dir/opt/pico-sdk/src/rp2_common/pico_float/float_v1_rom_shim_rp2040.S.o
                0x2000a048                float_table_shim_on_use_helper
 .text.float232_shims
                0x2000a074       0x18 CMakeFiles/CS80_DualOutput_Experimental.dir/opt/pico-sdk/src/rp2_common/pico_float/float_v1_rom_shim_rp2040.S.o
                0x2000a074                float2int_shim
                0x2000a076                float2fix_shim
 .text.__wrap_malloc
                0x2000a08c       0x3c CMakeFiles/CS80_DualOutput_Experimental.dir/opt/pico-sdk/src/rp2_common/pico_malloc/malloc.c.o
                0x2000a08c                __wrap_malloc
 .text.__wrap_calloc
                0x2000a0c8       0x44 CMakeFiles/CS80_DualOutput_Experimental.dir/opt/pico-sdk/src/rp2_common/pico_malloc/malloc.c.o
                0x2000a0c8                __wrap_calloc
 .text.__wrap_free
                0x2000a10c       0x20 CMakeFiles/CS80_DualOutput_Experimental.dir/opt/pico-sdk/src/rp2_common/pico_malloc/malloc.c.o
                0x2000a10c                __wrap_free
 .text          0x2000a12c       0x10 CMakeFiles/CS80_DualOutput_Experimental.dir/opt/pico-sdk/src/rp2_common/pico_mem_ops/mem_ops_aeabi.S.o
                0x2000a12c                __aeabi_mem_init
 .text.memset   0x2000a13c        0xc CMakeFiles/CS80_DualOutput_Experimental.dir/opt/pico-sdk/src/rp2_common/pico_mem_ops/mem_ops_aeabi.S.o
                0x2000a13c                __wrap_memset
 .text.memcpy   0x2000a148        0xc CMakeFiles/CS80_DualOutput_Experimental.dir/opt/pico-sdk/src/rp2_common/pico_mem_ops/mem_ops_aeabi.S.o
                0x2000a148                __wrap___aeabi_memcpy
                0x2000a148                __wrap_memcpy
 .text._out_char
                0x2000a154       0x10 CMakeFiles/CS80_DualOutput_Experimental.dir/opt/pico-sdk/src/rp2_common/pico_printf/printf.c.o
 .text.weak_raw_vprintf
                0x2000a164       0x30 CMakeFiles/CS80_DualOutput_Experimental.dir/opt/pico-sdk/src/rp2_common/pico_printf/printf.c.o
                0x2000a164                weak_raw_vprintf
 .text._exit    0x2000a194        0x4 CMakeFiles/CS80_DualOutput_Experimental.dir/opt/pico-sdk/src/rp2_common/pico_clib_interface/newlib_interface.c.o
                0x2000a194                _exit
 .text._sbrk    0x2000a198       0x34 CMakeFiles/CS80_DualOutput_Experimental.dir/opt/pico-sdk/src/rp2_common/pico_clib_interface/newlib_interface.c.o
                0x2000a198                _sbrk
 .text.exit     0x2000a1cc        0x8 CMakeFiles/CS80_DualOutput_Experimental.dir/opt/pico-sdk/src/rp2_common/pico_clib_interface/newlib_interface.c.o
                0x2000a1cc                exit
 .text.runtime_init
                0x2000a1d4       0x2c CMakeFiles/CS80_DualOutput_Experimental.dir/opt/pico-sdk/src/rp2_common/pico_clib_interface/newlib_interface.c.o
                0x2000a1d4                runtime_init
 .text.stdio_out_chars_no_crlf
                0x2000a200       0x10 CMakeFiles/CS80_DualOutput_Experimental.dir/opt/pico-sdk/src/rp2_common/pico_stdio/stdio.c.o
 .text.stdio_out_chars_crlf
                0x2000a210       0xb0 CMakeFiles/CS80_DualOutput_Experimental.dir/opt/pico-sdk/src/rp2_common/pico_stdio/stdio.c.o
 .text.stdio_put_string
                0x2000a2c0       0xfc CMakeFiles/CS80_DualOutput_Experimental.dir/opt/pico-sdk/src/rp2_common/pico_stdio/stdio.c.o
                0x2000a2c0                stdio_put_string
 .text.__wrap_putchar
                0x2000a3bc       0x94 CMakeFiles/CS80_DualOutput_Experimental.dir/opt/pico-sdk/src/rp2_common/pico_stdio/stdio.c.o
                0x2000a3bc                stdio_putchar
                0x2000a3bc                __wrap_putchar
 .text.__wrap_puts
                0x2000a450       0x3c CMakeFiles/CS80_DualOutput_Experimental.dir/opt/pico-sdk/src/rp2_common/pico_stdio/stdio.c.o
                0x2000a450                __wrap_puts
                0x2000a450                stdio_puts
 .text.startup._retrieve_unique_id_on_boot
                0x2000a48c       0x10 CMakeFiles/CS80_DualOutput_Experimental.dir/opt/pico-sdk/src/rp2_common/pico_unique_id/unique_id.c.o
 .text.flash_get_unique_id
                0x2000a49c       0x3c CMakeFiles/CS80_DualOutput_Experimental.dir/opt/pico-sdk/src/rp2_common/hardware_flash/flash.c.o
                0x2000a49c                flash_get_unique_id
 .text.core1_trampoline
                0x2000a4d8        0x4 CMakeFiles/CS80_DualOutput_Experimental.dir/opt/pico-sdk/src/rp2_common/pico_multicore/multicore.c.o
 .text.core1_wrapper
                0x2000a4dc        0xc CMakeFiles/CS80_DualOutput_Experimental.dir/opt/pico-sdk/src/rp2_common/pico_multicore/multicore.c.o
                0x2000a4dc                core1_wrapper
 .text.multicore_launch_core1_raw
                0x2000a4e8       0x8c CMakeFiles/CS80_DualOutput_Experimental.dir/opt/pico-sdk/src/rp2_common/pico_multicore/multicore.c.o
                0x2000a4e8                multicore_launch_core1_raw
 .text.multicore_launch_core1
                0x2000a574       0x58 CMakeFiles/CS80_DualOutput_Experimental.dir/opt/pico-sdk/src/rp2_common/pico_multicore/multicore.c.o
                0x2000a574                multicore_launch_core1
 .text.dcd_init
                0x2000a5cc       0x90 CMakeFiles/CS80_DualOutput_Experimental.dir/opt/pico-sdk/lib/tinyusb/src/portable/raspberrypi/rp2040/dcd_rp2040.c.o
                0x2000a5cc                dcd_init
 .text.dcd_int_enable
                0x2000a65c        0xc CMakeFiles/CS80_DualOutput_Experimental.dir/opt/pico-sdk/lib/tinyusb/src/portable/raspberrypi/rp2040/dcd_rp2040.c.o
                0x2000a65c                dcd_int_enable
 .text.dcd_set_address
                0x2000a668       0x14 CMakeFiles/CS80_DualOutput_Experimental.dir/opt/pico-sdk/lib/tinyusb/src/portable/raspberrypi/rp2040/dcd_rp2040.c.o
                0x2000a668                dcd_set_address
 .text.dcd_sof_enable
                0x2000a67c       0x1c CMakeFiles/CS80_DualOutput_Experimental.dir/opt/pico-sdk/lib/tinyusb/src/portable/raspberrypi/rp2040/dcd_rp2040.c.o
                0x2000a67c                dcd_sof_enable
 .text.dcd_edpt0_status_complete
                0x2000a698       0x1c CMakeFiles/CS80_DualOutput_Experimental.dir/opt/pico-sdk/lib/tinyusb/src/portable/raspberrypi/rp2040/dcd_rp2040.c.o
                0x2000a698                dcd_edpt0_status_complete
 .text.dcd_edpt_open
                0x2000a6b4      0x114 CMakeFiles/CS80_DualOutput_Experimental.dir/opt/pico-sdk/lib/tinyusb/src/portable/raspberrypi/rp2040/dcd_rp2040.c.o
                0x2000a6b4                dcd_edpt_open
 .text.dcd_edpt_close_all
                0x2000a7c8        0x8 CMakeFiles/CS80_DualOutput_Experimental.dir/opt/pico-sdk/lib/tinyusb/src/portable/raspberrypi/rp2040/dcd_rp2040.c.o
                0x2000a7c8                dcd_edpt_close_all
 .text.dcd_edpt_xfer
                0x2000a7d0       0x24 CMakeFiles/CS80_DualOutput_Experimental.dir/opt/pico-sdk/lib/tinyusb/src/portable/raspberrypi/rp2040/dcd_rp2040.c.o
                0x2000a7d0                dcd_edpt_xfer
 .text.dcd_edpt_stall
                0x2000a7f4       0x34 CMakeFiles/CS80_DualOutput_Experimental.dir/opt/pico-sdk/lib/tinyusb/src/portable/raspberrypi/rp2040/dcd_rp2040.c.o
                0x2000a7f4                dcd_edpt_stall
 .text.dcd_edpt_clear_stall
                0x2000a828       0x30 CMakeFiles/CS80_DualOutput_Experimental.dir/opt/pico-sdk/lib/tinyusb/src/portable/raspberrypi/rp2040/dcd_rp2040.c.o
                0x2000a828                dcd_edpt_clear_stall
 .text.rp2040_usb_init
                0x2000a858       0x40 CMakeFiles/CS80_DualOutput_Experimental.dir/opt/pico-sdk/lib/tinyusb/src/portable/raspberrypi/rp2040/rp2040_usb.c.o
                0x2000a858                rp2040_usb_init
 .text.hw_endpoint_xfer_start
                0x2000a898       0x40 CMakeFiles/CS80_DualOutput_Experimental.dir/opt/pico-sdk/lib/tinyusb/src/portable/raspberrypi/rp2040/rp2040_usb.c.o
                0x2000a898                hw_endpoint_xfer_start
 .text.tud_vendor_control_xfer_cb
                0x2000a8d8        0x4 CMakeFiles/CS80_DualOutput_Experimental.dir/opt/pico-sdk/lib/tinyusb/src/device/usbd.c.o
                0x2000a8d8                tud_vendor_control_xfer_cb
 .text.tud_event_hook_cb
                0x2000a8dc        0x4 CMakeFiles/CS80_DualOutput_Experimental.dir/opt/pico-sdk/lib/tinyusb/src/device/usbd.c.o
                0x2000a8dc                tud_event_hook_cb
 .text.tud_sof_cb
                0x2000a8e0        0x4 CMakeFiles/CS80_DualOutput_Experimental.dir/opt/pico-sdk/lib/tinyusb/src/device/usbd.c.o
                0x2000a8e0                tud_sof_cb
 .text.tud_descriptor_bos_cb
                0x2000a8e4        0x4 CMakeFiles/CS80_DualOutput_Experimental.dir/opt/pico-sdk/lib/tinyusb/src/device/usbd.c.o
                0x2000a8e4                tud_descriptor_bos_cb
 .text.tud_descriptor_device_qualifier_cb
                0x2000a8e8        0x4 CMakeFiles/CS80_DualOutput_Experimental.dir/opt/pico-sdk/lib/tinyusb/src/device/usbd.c.o
                0x2000a8e8                tud_descriptor_device_qualifier_cb
 .text.tud_descriptor_other_speed_configuration_cb
                0x2000a8ec        0x4 CMakeFiles/CS80_DualOutput_Experimental.dir/opt/pico-sdk/lib/tinyusb/src/device/usbd.c.o
                0x2000a8ec                tud_descriptor_other_speed_configuration_cb
 .text.tud_mount_cb
                0x2000a8f0        0x4 CMakeFiles/CS80_DualOutput_Experimental.dir/opt/pico-sdk/lib/tinyusb/src/device/usbd.c.o
                0x2000a8f0                tud_mount_cb
 .text.tud_umount_cb
                0x2000a8f4        0x4 CMakeFiles/CS80_DualOutput_Experimental.dir/opt/pico-sdk/lib/tinyusb/src/device/usbd.c.o
                0x2000a8f4                tud_umount_cb
 .text.tud_suspend_cb
                0x2000a8f8        0x4 CMakeFiles/CS80_DualOutput_Experimental.dir/opt/pico-sdk/lib/tinyusb/src/device/usbd.c.o
                0x2000a8f8                tud_suspend_cb
 .text.tud_resume_cb
                0x2000a8fc        0x4 CMakeFiles/CS80_DualOutput_Experimental.dir/opt/pico-sdk/lib/tinyusb/src/device/usbd.c.o
                0x2000a8fc                tud_resume_cb
 .text.usbd_app_driver_get_cb
                0x2000a900        0x8 CMakeFiles/CS80_DualOutput_Experimental.dir/opt/pico-sdk/lib/tinyusb/src/device/usbd.c.o
                0x2000a900                usbd_app_driver_get_cb
 .text.tud_rhport_init
                0x2000a908       0xf8 CMakeFiles/CS80_DualOutput_Experimental.dir/opt/pico-sdk/lib/tinyusb/src/device/usbd.c.o
                0x2000a908                tud_rhport_init
 .text.tud_task_ext
                0x2000aa00      0x7d8 CMakeFiles/CS80_DualOutput_Experimental.dir/opt/pico-sdk/lib/tinyusb/src/device/usbd.c.o
                0x2000aa00                tud_task_ext
 .text.usbd_edpt_open
                0x2000b1d8       0x2c CMakeFiles/CS80_DualOutput_Experimental.dir/opt/pico-sdk/lib/tinyusb/src/device/usbd.c.o
                0x2000b1d8                usbd_edpt_open
 .text.usbd_edpt_claim
                0x2000b204       0x28 CMakeFiles/CS80_DualOutput_Experimental.dir/opt/pico-sdk/lib/tinyusb/src/device/usbd.c.o
                0x2000b204                usbd_edpt_claim
 .text.usbd_edpt_release
                0x2000b22c       0x28 CMakeFiles/CS80_DualOutput_Experimental.dir/opt/pico-sdk/lib/tinyusb/src/device/usbd.c.o
                0x2000b22c                usbd_edpt_release
 .text.usbd_edpt_xfer
                0x2000b254       0x4c CMakeFiles/CS80_DualOutput_Experimental.dir/opt/pico-sdk/lib/tinyusb/src/device/usbd.c.o
                0x2000b254                usbd_edpt_xfer
 .text.usbd_edpt_busy
                0x2000b2a0       0x1c CMakeFiles/CS80_DualOutput_Experimental.dir/opt/pico-sdk/lib/tinyusb/src/device/usbd.c.o
                0x2000b2a0                usbd_edpt_busy
 .text.tud_control_status
                0x2000b2bc       0x2c CMakeFiles/CS80_DualOutput_Experimental.dir/opt/pico-sdk/lib/tinyusb/src/device/usbd_control.c.o
                0x2000b2bc                tud_control_status
 .text.tud_control_xfer
                0x2000b2e8       0xa8 CMakeFiles/CS80_DualOutput_Experimental.dir/opt/pico-sdk/lib/tinyusb/src/device/usbd_control.c.o
                0x2000b2e8                tud_control_xfer
 .text.usbd_control_reset
                0x2000b390       0x14 CMakeFiles/CS80_DualOutput_Experimental.dir/opt/pico-sdk/lib/tinyusb/src/device/usbd_control.c.o
                0x2000b390                usbd_control_reset
 .text.usbd_control_set_complete_callback
                0x2000b3a4        0xc CMakeFiles/CS80_DualOutput_Experimental.dir/opt/pico-sdk/lib/tinyusb/src/device/usbd_control.c.o
                0x2000b3a4                usbd_control_set_complete_callback
 .text.usbd_control_set_request
                0x2000b3b0       0x1c CMakeFiles/CS80_DualOutput_Experimental.dir/opt/pico-sdk/lib/tinyusb/src/device/usbd_control.c.o
                0x2000b3b0                usbd_control_set_request
 .text.usbd_control_xfer_cb
                0x2000b3cc       0xec CMakeFiles/CS80_DualOutput_Experimental.dir/opt/pico-sdk/lib/tinyusb/src/device/usbd_control.c.o
                0x2000b3cc                usbd_control_xfer_cb
 .text.tud_midi_rx_cb
                0x2000b4b8        0x4 CMakeFiles/CS80_DualOutput_Experimental.dir/opt/pico-sdk/lib/tinyusb/src/class/midi/midi_device.c.o
                0x2000b4b8                tud_midi_rx_cb
 .text.tud_midi_n_stream_read
                0x2000b4bc      0x140 CMakeFiles/CS80_DualOutput_Experimental.dir/opt/pico-sdk/lib/tinyusb/src/class/midi/midi_device.c.o
                0x2000b4bc                tud_midi_n_stream_read
 .text.tud_midi_n_stream_write
                0x2000b5fc      0x204 CMakeFiles/CS80_DualOutput_Experimental.dir/opt/pico-sdk/lib/tinyusb/src/class/midi/midi_device.c.o
                0x2000b5fc                tud_midi_n_stream_write
 .text.midid_init
                0x2000b800       0x5c CMakeFiles/CS80_DualOutput_Experimental.dir/opt/pico-sdk/lib/tinyusb/src/class/midi/midi_device.c.o
                0x2000b800                midid_init
 .text.midid_deinit
                0x2000b85c       0x1c CMakeFiles/CS80_DualOutput_Experimental.dir/opt/pico-sdk/lib/tinyusb/src/class/midi/midi_device.c.o
                0x2000b85c                midid_deinit
 .text.midid_reset
                0x2000b878       0x2c CMakeFiles/CS80_DualOutput_Experimental.dir/opt/pico-sdk/lib/tinyusb/src/class/midi/midi_device.c.o
                0x2000b878                midid_reset
 .text.midid_open
                0x2000b8a4      0x158 CMakeFiles/CS80_DualOutput_Experimental.dir/opt/pico-sdk/lib/tinyusb/src/class/midi/midi_device.c.o
                0x2000b8a4                midid_open
 .text.midid_control_xfer_cb
                0x2000b9fc        0x4 CMakeFiles/CS80_DualOutput_Experimental.dir/opt/pico-sdk/lib/tinyusb/src/class/midi/midi_device.c.o
                0x2000b9fc                midid_control_xfer_cb
 .text.midid_xfer_cb
                0x2000ba00       0x70 CMakeFiles/CS80_DualOutput_Experimental.dir/opt/pico-sdk/lib/tinyusb/src/class/midi/midi_device.c.o
                0x2000ba00                midid_xfer_cb
 .text.tusb_time_delay_ms_api
                0x2000ba70        0x8 CMakeFiles/CS80_DualOutput_Experimental.dir/opt/pico-sdk/lib/tinyusb/src/tusb.c.o
                0x2000ba70                tusb_time_delay_ms_api
 .text.tu_edpt_claim
                0x2000ba78       0x50 CMakeFiles/CS80_DualOutput_Experimental.dir/opt/pico-sdk/lib/tinyusb/src/tusb.c.o
                0x2000ba78                tu_edpt_claim
 .text.tu_edpt_release
                0x2000bac8       0x38 CMakeFiles/CS80_DualOutput_Experimental.dir/opt/pico-sdk/lib/tinyusb/src/tusb.c.o
                0x2000bac8                tu_edpt_release
 .text.tu_edpt_validate
                0x2000bb00       0xb8 CMakeFiles/CS80_DualOutput_Experimental.dir/opt/pico-sdk/lib/tinyusb/src/tusb.c.o
                0x2000bb00                tu_edpt_validate
 .text.tu_edpt_bind_driver
                0x2000bbb8       0x34 CMakeFiles/CS80_DualOutput_Experimental.dir/opt/pico-sdk/lib/tinyusb/src/tusb.c.o
                0x2000bbb8                tu_edpt_bind_driver
 .text.tu_desc_get_interface_total_len
                0x2000bbec       0x50 CMakeFiles/CS80_DualOutput_Experimental.dir/opt/pico-sdk/lib/tinyusb/src/tusb.c.o
                0x2000bbec                tu_desc_get_interface_total_len
 .text.tu_edpt_stream_init
                0x2000bc3c       0x6c CMakeFiles/CS80_DualOutput_Experimental.dir/opt/pico-sdk/lib/tinyusb/src/tusb.c.o
                0x2000bc3c                tu_edpt_stream_init
 .text.tu_edpt_stream_deinit
                0x2000bca8        0x4 CMakeFiles/CS80_DualOutput_Experimental.dir/opt/pico-sdk/lib/tinyusb/src/tusb.c.o
                0x2000bca8                tu_edpt_stream_deinit
 .text.tu_edpt_stream_write_zlp_if_needed
                0x2000bcac       0x78 CMakeFiles/CS80_DualOutput_Experimental.dir/opt/pico-sdk/lib/tinyusb/src/tusb.c.o
                0x2000bcac                tu_edpt_stream_write_zlp_if_needed
 .text.tu_edpt_stream_write_xfer
                0x2000bd24       0x84 CMakeFiles/CS80_DualOutput_Experimental.dir/opt/pico-sdk/lib/tinyusb/src/tusb.c.o
                0x2000bd24                tu_edpt_stream_write_xfer
 .text.tu_edpt_stream_write
                0x2000bda8       0xcc CMakeFiles/CS80_DualOutput_Experimental.dir/opt/pico-sdk/lib/tinyusb/src/tusb.c.o
                0x2000bda8                tu_edpt_stream_write
 .text.tu_edpt_stream_write_available
                0x2000be74       0x34 CMakeFiles/CS80_DualOutput_Experimental.dir/opt/pico-sdk/lib/tinyusb/src/tusb.c.o
                0x2000be74                tu_edpt_stream_write_available
 .text.tu_edpt_stream_read_xfer
                0x2000bea8      0x120 CMakeFiles/CS80_DualOutput_Experimental.dir/opt/pico-sdk/lib/tinyusb/src/tusb.c.o
                0x2000bea8                tu_edpt_stream_read_xfer
 .text.tu_edpt_stream_read
                0x2000bfc8       0xf4 CMakeFiles/CS80_DualOutput_Experimental.dir/opt/pico-sdk/lib/tinyusb/src/tusb.c.o
                0x2000bfc8                tu_edpt_stream_read
 .text.tu_fifo_config
                0x2000c0bc       0x6c CMakeFiles/CS80_DualOutput_Experimental.dir/opt/pico-sdk/lib/tinyusb/src/common/tusb_fifo.c.o
                0x2000c0bc                tu_fifo_config
 .text.tu_fifo_count
                0x2000c128       0x2c CMakeFiles/CS80_DualOutput_Experimental.dir/opt/pico-sdk/lib/tinyusb/src/common/tusb_fifo.c.o
                0x2000c128                tu_fifo_count
 .text.tu_fifo_remaining
                0x2000c154       0x2c CMakeFiles/CS80_DualOutput_Experimental.dir/opt/pico-sdk/lib/tinyusb/src/common/tusb_fifo.c.o
                0x2000c154                tu_fifo_remaining
 .text.tu_fifo_read
                0x2000c180       0x9c CMakeFiles/CS80_DualOutput_Experimental.dir/opt/pico-sdk/lib/tinyusb/src/common/tusb_fifo.c.o
                0x2000c180                tu_fifo_read
 .text.tu_fifo_read_n
                0x2000c21c       0xe8 CMakeFiles/CS80_DualOutput_Experimental.dir/opt/pico-sdk/lib/tinyusb/src/common/tusb_fifo.c.o
                0x2000c21c                tu_fifo_read_n
 .text.tu_fifo_peek
                0x2000c304       0x80 CMakeFiles/CS80_DualOutput_Experimental.dir/opt/pico-sdk/lib/tinyusb/src/common/tusb_fifo.c.o
                0x2000c304                tu_fifo_peek
 .text.tu_fifo_write
                0x2000c384       0xa4 CMakeFiles/CS80_DualOutput_Experimental.dir/opt/pico-sdk/lib/tinyusb/src/common/tusb_fifo.c.o
                0x2000c384                tu_fifo_write
 .text.tu_fifo_write_n
                0x2000c428      0x178 CMakeFiles/CS80_DualOutput_Experimental.dir/opt/pico-sdk/lib/tinyusb/src/common/tusb_fifo.c.o
                0x2000c428                tu_fifo_write_n
 .text.tu_fifo_clear
                0x2000c5a0       0x40 CMakeFiles/CS80_DualOutput_Experimental.dir/opt/pico-sdk/lib/tinyusb/src/common/tusb_fifo.c.o
                0x2000c5a0                tu_fifo_clear
 .text.hcd_init
                0x2000c5e0       0x54 CMakeFiles/CS80_DualOutput_Experimental.dir/opt/pico-sdk/lib/tinyusb/src/portable/raspberrypi/rp2040/hcd_rp2040.c.o
                0x2000c5e0                hcd_init
 .text.hcd_port_reset
                0x2000c634        0x4 CMakeFiles/CS80_DualOutput_Experimental.dir/opt/pico-sdk/lib/tinyusb/src/portable/raspberrypi/rp2040/hcd_rp2040.c.o
                0x2000c634                hcd_port_reset
 .text.hcd_port_reset_end
                0x2000c638        0x4 CMakeFiles/CS80_DualOutput_Experimental.dir/opt/pico-sdk/lib/tinyusb/src/portable/raspberrypi/rp2040/hcd_rp2040.c.o
                0x2000c638                hcd_port_reset_end
 .text.hcd_port_connect_status
                0x2000c63c       0x18 CMakeFiles/CS80_DualOutput_Experimental.dir/opt/pico-sdk/lib/tinyusb/src/portable/raspberrypi/rp2040/hcd_rp2040.c.o
                0x2000c63c                hcd_port_connect_status
 .text.hcd_port_speed_get
                0x2000c654       0x24 CMakeFiles/CS80_DualOutput_Experimental.dir/opt/pico-sdk/lib/tinyusb/src/portable/raspberrypi/rp2040/hcd_rp2040.c.o
                0x2000c654                hcd_port_speed_get
 .text.hcd_device_close
                0x2000c678      0x4a0 CMakeFiles/CS80_DualOutput_Experimental.dir/opt/pico-sdk/lib/tinyusb/src/portable/raspberrypi/rp2040/hcd_rp2040.c.o
                0x2000c678                hcd_device_close
 .text.hcd_int_enable
                0x2000cb18        0xc CMakeFiles/CS80_DualOutput_Experimental.dir/opt/pico-sdk/lib/tinyusb/src/portable/raspberrypi/rp2040/hcd_rp2040.c.o
                0x2000cb18                hcd_int_enable
 .text.hcd_edpt_open
                0x2000cb24      0x234 CMakeFiles/CS80_DualOutput_Experimental.dir/opt/pico-sdk/lib/tinyusb/src/portable/raspberrypi/rp2040/hcd_rp2040.c.o
                0x2000cb24                hcd_edpt_open
 .text.hcd_edpt_xfer
                0x2000cd58      0x358 CMakeFiles/CS80_DualOutput_Experimental.dir/opt/pico-sdk/lib/tinyusb/src/portable/raspberrypi/rp2040/hcd_rp2040.c.o
                0x2000cd58                hcd_edpt_xfer
 .text.hcd_edpt_abort_xfer
                0x2000d0b0        0x4 CMakeFiles/CS80_DualOutput_Experimental.dir/opt/pico-sdk/lib/tinyusb/src/portable/raspberrypi/rp2040/hcd_rp2040.c.o
                0x2000d0b0                hcd_edpt_abort_xfer
 .text.hcd_setup_send
                0x2000d0b4       0xbc CMakeFiles/CS80_DualOutput_Experimental.dir/opt/pico-sdk/lib/tinyusb/src/portable/raspberrypi/rp2040/hcd_rp2040.c.o
                0x2000d0b4                hcd_setup_send
 .text._control_blocking_complete_cb
                0x2000d170        0x8 CMakeFiles/CS80_DualOutput_Experimental.dir/opt/pico-sdk/lib/tinyusb/src/host/usbh.c.o
 .text._control_xfer_complete
                0x2000d178       0x70 CMakeFiles/CS80_DualOutput_Experimental.dir/opt/pico-sdk/lib/tinyusb/src/host/usbh.c.o
 .text.usbh_control_xfer_cb.isra.0
                0x2000d1e8      0x30c CMakeFiles/CS80_DualOutput_Experimental.dir/opt/pico-sdk/lib/tinyusb/src/host/usbh.c.o
 .text.tuh_enum_descriptor_device_cb
                0x2000d4f4        0x4 CMakeFiles/CS80_DualOutput_Experimental.dir/opt/pico-sdk/lib/tinyusb/src/host/usbh.c.o
                0x2000d4f4                tuh_enum_descriptor_device_cb
 .text.tuh_enum_descriptor_configuration_cb
                0x2000d4f8        0x4 CMakeFiles/CS80_DualOutput_Experimental.dir/opt/pico-sdk/lib/tinyusb/src/host/usbh.c.o
                0x2000d4f8                tuh_enum_descriptor_configuration_cb
 .text.tuh_event_hook_cb
                0x2000d4fc        0x4 CMakeFiles/CS80_DualOutput_Experimental.dir/opt/pico-sdk/lib/tinyusb/src/host/usbh.c.o
                0x2000d4fc                tuh_event_hook_cb
 .text.tuh_mount_cb
                0x2000d500        0x4 CMakeFiles/CS80_DualOutput_Experimental.dir/opt/pico-sdk/lib/tinyusb/src/host/usbh.c.o
                0x2000d500                tuh_mount_cb
 .text.tuh_umount_cb
                0x2000d504        0x4 CMakeFiles/CS80_DualOutput_Experimental.dir/opt/pico-sdk/lib/tinyusb/src/host/usbh.c.o
                0x2000d504                tuh_umount_cb
 .text.process_removed_device
                0x2000d508      0x158 CMakeFiles/CS80_DualOutput_Experimental.dir/opt/pico-sdk/lib/tinyusb/src/host/usbh.c.o
 .text.tuh_speed_get
                0x2000d660       0x24 CMakeFiles/CS80_DualOutput_Experimental.dir/opt/pico-sdk/lib/tinyusb/src/host/usbh.c.o
                0x2000d660                tuh_speed_get
 .text.tuh_rhport_init
                0x2000d684      0x128 CMakeFiles/CS80_DualOutput_Experimental.dir/opt/pico-sdk/lib/tinyusb/src/host/usbh.c.o
                0x2000d684                tuh_rhport_init
 .text.usbh_get_rhport
                0x2000d7ac       0x20 CMakeFiles/CS80_DualOutput_Experimental.dir/opt/pico-sdk/lib/tinyusb/src/host/usbh.c.o
                0x2000d7ac                usbh_get_rhport
 .text.usbh_edpt_claim
                0x2000d7cc       0x4c CMakeFiles/CS80_DualOutput_Experimental.dir/opt/pico-sdk/lib/tinyusb/src/host/usbh.c.o
                0x2000d7cc                usbh_edpt_claim
 .text.usbh_edpt_release
                0x2000d818       0x4c CMakeFiles/CS80_DualOutput_Experimental.dir/opt/pico-sdk/lib/tinyusb/src/host/usbh.c.o
                0x2000d818                usbh_edpt_release
 .text.usbh_edpt_xfer_with_callback
                0x2000d864       0x70 CMakeFiles/CS80_DualOutput_Experimental.dir/opt/pico-sdk/lib/tinyusb/src/host/usbh.c.o
                0x2000d864                usbh_edpt_xfer_with_callback
 .text.tuh_edpt_open
                0x2000d8d4       0x50 CMakeFiles/CS80_DualOutput_Experimental.dir/opt/pico-sdk/lib/tinyusb/src/host/usbh.c.o
                0x2000d8d4                tuh_edpt_open
 .text.usbh_edpt_busy
                0x2000d924       0x30 CMakeFiles/CS80_DualOutput_Experimental.dir/opt/pico-sdk/lib/tinyusb/src/host/usbh.c.o
                0x2000d924                usbh_edpt_busy
 .text.tuh_descriptor_get_string
                0x2000d954      0x168 CMakeFiles/CS80_DualOutput_Experimental.dir/opt/pico-sdk/lib/tinyusb/src/host/usbh.c.o
                0x2000d954                tuh_descriptor_get_string
 .text.process_enumeration
                0x2000dabc      0x7c8 CMakeFiles/CS80_DualOutput_Experimental.dir/opt/pico-sdk/lib/tinyusb/src/host/usbh.c.o
 .text.tuh_task_ext.part.0
                0x2000e284      0x278 CMakeFiles/CS80_DualOutput_Experimental.dir/opt/pico-sdk/lib/tinyusb/src/host/usbh.c.o
 .text.tuh_task_ext
                0x2000e4fc       0x18 CMakeFiles/CS80_DualOutput_Experimental.dir/opt/pico-sdk/lib/tinyusb/src/host/usbh.c.o
                0x2000e4fc                tuh_task_ext
 .text.tuh_control_xfer
                0x2000e514      0x190 CMakeFiles/CS80_DualOutput_Experimental.dir/opt/pico-sdk/lib/tinyusb/src/host/usbh.c.o
                0x2000e514                tuh_control_xfer
 .text.usbh_driver_set_config_complete
                0x2000e6a4      0x174 CMakeFiles/CS80_DualOutput_Experimental.dir/opt/pico-sdk/lib/tinyusb/src/host/usbh.c.o
                0x2000e6a4                usbh_driver_set_config_complete
 .text.port_get_status_complete
                0x2000e818       0x38 CMakeFiles/CS80_DualOutput_Experimental.dir/opt/pico-sdk/lib/tinyusb/src/host/hub.c.o
 .text.config_set_port_power
                0x2000e850       0x5c CMakeFiles/CS80_DualOutput_Experimental.dir/opt/pico-sdk/lib/tinyusb/src/host/hub.c.o
 .text.config_port_power_complete
                0x2000e8ac       0xc0 CMakeFiles/CS80_DualOutput_Experimental.dir/opt/pico-sdk/lib/tinyusb/src/host/hub.c.o
 .text.process_new_status
                0x2000e96c      0x250 CMakeFiles/CS80_DualOutput_Experimental.dir/opt/pico-sdk/lib/tinyusb/src/host/hub.c.o
 .text.hub_port_clear_feature
                0x2000ebbc       0x48 CMakeFiles/CS80_DualOutput_Experimental.dir/opt/pico-sdk/lib/tinyusb/src/host/hub.c.o
                0x2000ebbc                hub_port_clear_feature
 .text.hub_port_set_feature
                0x2000ec04       0x48 CMakeFiles/CS80_DualOutput_Experimental.dir/opt/pico-sdk/lib/tinyusb/src/host/hub.c.o
                0x2000ec04                hub_port_set_feature
 .text.hub_port_get_status
                0x2000ec4c       0x7c CMakeFiles/CS80_DualOutput_Experimental.dir/opt/pico-sdk/lib/tinyusb/src/host/hub.c.o
                0x2000ec4c                hub_port_get_status
 .text.hub_port_get_status_local
                0x2000ecc8       0x1c CMakeFiles/CS80_DualOutput_Experimental.dir/opt/pico-sdk/lib/tinyusb/src/host/hub.c.o
                0x2000ecc8                hub_port_get_status_local
 .text.hub_init
                0x2000ece4       0x14 CMakeFiles/CS80_DualOutput_Experimental.dir/opt/pico-sdk/lib/tinyusb/src/host/hub.c.o
                0x2000ece4                hub_init
 .text.hub_open
                0x2000ecf8       0x54 CMakeFiles/CS80_DualOutput_Experimental.dir/opt/pico-sdk/lib/tinyusb/src/host/hub.c.o
                0x2000ecf8                hub_open
 .text.hub_close
                0x2000ed4c       0x24 CMakeFiles/CS80_DualOutput_Experimental.dir/opt/pico-sdk/lib/tinyusb/src/host/hub.c.o
                0x2000ed4c                hub_close
 .text.hub_edpt_status_xfer
                0x2000ed70       0x4c CMakeFiles/CS80_DualOutput_Experimental.dir/opt/pico-sdk/lib/tinyusb/src/host/hub.c.o
                0x2000ed70                hub_edpt_status_xfer
 .text.hub_set_config
                0x2000edbc       0x58 CMakeFiles/CS80_DualOutput_Experimental.dir/opt/pico-sdk/lib/tinyusb/src/host/hub.c.o
                0x2000edbc                hub_set_config
 .text.hub_xfer_cb
                0x2000ee14      0x170 CMakeFiles/CS80_DualOutput_Experimental.dir/opt/pico-sdk/lib/tinyusb/src/host/hub.c.o
                0x2000ee14                hub_xfer_cb
 .text.adc_init
                0x2000ef84       0x38 CMakeFiles/CS80_DualOutput_Experimental.dir/opt/pico-sdk/src/rp2_common/hardware_adc/adc.c.o
                0x2000ef84                adc_init
 .text.dma_claim_unused_channel
                0x2000efbc       0x24 CMakeFiles/CS80_DualOutput_Experimental.dir/opt/pico-sdk/src/rp2_common/hardware_dma/dma.c.o
                0x2000efbc                dma_claim_unused_channel
 .text.dma_channel_cleanup
                0x2000efe0       0x64 CMakeFiles/CS80_DualOutput_Experimental.dir/opt/pico-sdk/src/rp2_common/hardware_dma/dma.c.o
                0x2000efe0                dma_channel_cleanup
 .text.spi_init
                0x2000f044      0x13c CMakeFiles/CS80_DualOutput_Experimental.dir/opt/pico-sdk/src/rp2_common/hardware_spi/spi.c.o
                0x2000f044                spi_init
 .text.i2c_write_blocking_internal
                0x2000f180      0x1b8 CMakeFiles/CS80_DualOutput_Experimental.dir/opt/pico-sdk/src/rp2_common/hardware_i2c/i2c.c.o
 .text.i2c_read_blocking_internal
                0x2000f338      0x100 CMakeFiles/CS80_DualOutput_Experimental.dir/opt/pico-sdk/src/rp2_common/hardware_i2c/i2c.c.o
 .text.i2c_set_baudrate
                0x2000f438       0xc0 CMakeFiles/CS80_DualOutput_Experimental.dir/opt/pico-sdk/src/rp2_common/hardware_i2c/i2c.c.o
                0x2000f438                i2c_set_baudrate
 .text.i2c_init
                0x2000f4f8       0x50 CMakeFiles/CS80_DualOutput_Experimental.dir/opt/pico-sdk/src/rp2_common/hardware_i2c/i2c.c.o
                0x2000f4f8                i2c_init
 .text.i2c_write_blocking_until
                0x2000f548       0x48 CMakeFiles/CS80_DualOutput_Experimental.dir/opt/pico-sdk/src/rp2_common/hardware_i2c/i2c.c.o
                0x2000f548                i2c_write_blocking_until
 .text.i2c_read_blocking_until
                0x2000f590       0x48 CMakeFiles/CS80_DualOutput_Experimental.dir/opt/pico-sdk/src/rp2_common/hardware_i2c/i2c.c.o
                0x2000f590                i2c_read_blocking_until
 .text          0x2000f5d8        0x4 /opt/arm-toolchain/bin/../lib/gcc/arm-none-eabi/14.2.1/thumb/v6-m/nofp/libgcc.a(_dvmd_tls.o)
                0x2000f5d8                __aeabi_ldiv0
                0x2000f5d8                __aeabi_idiv0
 .text.calloc   0x2000f5dc       0x18 /opt/arm-toolchain/bin/../lib/gcc/arm-none-eabi/14.2.1/../../../../arm-none-eabi/lib/thumb/v6-m/nofp/libg.a(libc_a-calloc.o)
                0x2000f5dc                calloc
 .text._calloc_r
                0x2000f5f4       0xa8 /opt/arm-toolchain/bin/../lib/gcc/arm-none-eabi/14.2.1/../../../../arm-none-eabi/lib/thumb/v6-m/nofp/libg.a(libc_a-callocr.o)
                0x2000f5f4                _calloc_r
 .text.malloc   0x2000f69c       0x14 /opt/arm-toolchain/bin/../lib/gcc/arm-none-eabi/14.2.1/../../../../arm-none-eabi/lib/thumb/v6-m/nofp/libg.a(libc_a-malloc.o)
                0x2000f69c                malloc
 .text.free     0x2000f6b0       0x14 /opt/arm-toolchain/bin/../lib/gcc/arm-none-eabi/14.2.1/../../../../arm-none-eabi/lib/thumb/v6-m/nofp/libg.a(libc_a-malloc.o)
                0x2000f6b0                free
 .text._malloc_r
                0x2000f6c4      0x5cc /opt/arm-toolchain/bin/../lib/gcc/arm-none-eabi/14.2.1/../../../../arm-none-eabi/lib/thumb/v6-m/nofp/libg.a(libc_a-mallocr.o)
                0x2000f6c4                _malloc_r
 .text.__malloc_lock
                0x2000fc90       0x10 /opt/arm-toolchain/bin/../lib/gcc/arm-none-eabi/14.2.1/../../../../arm-none-eabi/lib/thumb/v6-m/nofp/libg.a(libc_a-mlock.o)
                0x2000fc90                __malloc_lock
 .text.__malloc_unlock
                0x2000fca0       0x10 /opt/arm-toolchain/bin/../lib/gcc/arm-none-eabi/14.2.1/../../../../arm-none-eabi/lib/thumb/v6-m/nofp/libg.a(libc_a-mlock.o)
                0x2000fca0                __malloc_unlock
 .text.memmove  0x2000fcb0       0xc4 /opt/arm-toolchain/bin/../lib/gcc/arm-none-eabi/14.2.1/../../../../arm-none-eabi/lib/thumb/v6-m/nofp/libg.a(libc_a-memmove.o)
                0x2000fcb0                memmove
 .text._sbrk_r  0x2000fd74       0x24 /opt/arm-toolchain/bin/../lib/gcc/arm-none-eabi/14.2.1/../../../../arm-none-eabi/lib/thumb/v6-m/nofp/libg.a(libc_a-sbrkr.o)
                0x2000fd74                _sbrk_r
 .text.__errno  0x2000fd98        0xc /opt/arm-toolchain/bin/../lib/gcc/arm-none-eabi/14.2.1/../../../../arm-none-eabi/lib/thumb/v6-m/nofp/libg.a(libc_a-errno.o)
                0x2000fd98                __errno
 .text.__retarget_lock_acquire_recursive
                0x2000fda4        0x4 /opt/arm-toolchain/bin/../lib/gcc/arm-none-eabi/14.2.1/../../../../arm-none-eabi/lib/thumb/v6-m/nofp/libg.a(libc_a-lock.o)
                0x2000fda4                __retarget_lock_acquire_recursive
 .text.__retarget_lock_release_recursive
                0x2000fda8        0x4 /opt/arm-toolchain/bin/../lib/gcc/arm-none-eabi/14.2.1/../../../../arm-none-eabi/lib/thumb/v6-m/nofp/libg.a(libc_a-lock.o)
                0x2000fda8                __retarget_lock_release_recursive
 .text.sysconf  0x2000fdac       0x1c /opt/arm-toolchain/bin/../lib/gcc/arm-none-eabi/14.2.1/../../../../arm-none-eabi/lib/thumb/v6-m/nofp/libg.a(libc_a-sysconf.o)
                0x2000fdac                sysconf
 .text.strlen   0x2000fdc8       0x5c /opt/arm-toolchain/bin/../lib/gcc/arm-none-eabi/14.2.1/../../../../arm-none-eabi/lib/thumb/v6-m/nofp/libg.a(libc_a-strlen-stub.o)
                0x2000fdc8                strlen
 .text._malloc_trim_r
                0x2000fe24       0xb4 /opt/arm-toolchain/bin/../lib/gcc/arm-none-eabi/14.2.1/../../../../arm-none-eabi/lib/thumb/v6-m/nofp/libg.a(libc_a-freer.o)
                0x2000fe24                _malloc_trim_r
 .text._free_r  0x2000fed8      0x1f0 /opt/arm-toolchain/bin/../lib/gcc/arm-none-eabi/14.2.1/../../../../arm-none-eabi/lib/thumb/v6-m/nofp/libg.a(libc_a-freer.o)
                0x2000fed8                _free_r
 *(.fini)
 .fini          0x200100c8        0x4 /opt/arm-toolchain/bin/../lib/gcc/arm-none-eabi/14.2.1/thumb/v6-m/nofp/crti.o
                0x200100c8                _fini
 *crtbegin.o(.ctors)
 *crtbegin?.o(.ctors)
 *(EXCLUDE_FILE(*crtend.o *crtend?.o) .ctors)
 *(SORT_BY_NAME(.ctors.*))
 *(.ctors)
 *crtbegin.o(.dtors)
 *crtbegin?.o(.dtors)
 *(EXCLUDE_FILE(*crtend.o *crtend?.o) .dtors)
 *(SORT_BY_NAME(.dtors.*))
 *(.dtors)
 *(.eh_frame*)
 .eh_frame      0x200100cc        0x0 /opt/arm-toolchain/bin/../lib/gcc/arm-none-eabi/14.2.1/thumb/v6-m/nofp/crtbegin.o
                0x200100cc                        . = ALIGN (0x4)
                0x200100cc                        __ram_text_end__ = .
                0x100002b4                        __ram_text_source__ = LOADADDR (.text)

.glue_7         0x200100cc        0x0 load address 0x100102c0
 .glue_7        0x200100cc        0x0 linker stubs

.glue_7t        0x200100cc        0x0 load address 0x100102c0
 .glue_7t       0x200100cc        0x0 linker stubs

.vfp11_veneer   0x200100cc        0x0 load address 0x100102c0
 .vfp11_veneer  0x200100cc        0x0 linker stubs

.v4_bx          0x200100cc        0x0 load address 0x100102c0
 .v4_bx         0x200100cc        0x0 linker stubs

.iplt           0x200100cc        0x0 load address 0x100102c0
 .iplt          0x200100cc        0x0 /opt/arm-toolchain/bin/../lib/gcc/arm-none-eabi/14.2.1/thumb/v6-m/nofp/crtbegin.o
                0x200100cc                        . = ALIGN (0x4)

.data           0x200100d0     0x2d00 load address 0x100102c0
                0x200100d0                        __data_start__ = .
 *(vtable)
 *(.time_critical*)
 .time_critical.ComputerCard::AudioWorker
                0x200100d0      0x1fc CMakeFiles/CS80_DualOutput_Experimental.dir/CS80.cpp.o
                0x200100d0                ComputerCard::AudioWorker()
 .time_critical.ComputerCard::BufferFull
                0x200102cc      0x67c CMakeFiles/CS80_DualOutput_Experimental.dir/CS80.cpp.o
                0x200102cc                ComputerCard::BufferFull()
 .time_critical.mutex_enter_blocking
                0x20010948       0x44 CMakeFiles/CS80_DualOutput_Experimental.dir/opt/pico-sdk/src/common/pico_sync/mutex.c.o
                0x20010948                mutex_enter_blocking
 .time_critical.mutex_try_enter_block_until
                0x2001098c       0x98 CMakeFiles/CS80_DualOutput_Experimental.dir/opt/pico-sdk/src/common/pico_sync/mutex.c.o
                0x2001098c                mutex_try_enter_block_until
 .time_critical.mutex_enter_timeout_ms
                0x20010a24       0x8c CMakeFiles/CS80_DualOutput_Experimental.dir/opt/pico-sdk/src/common/pico_sync/mutex.c.o
                0x20010a24                mutex_enter_timeout_ms
 .time_critical.mutex_exit
                0x20010ab0       0x28 CMakeFiles/CS80_DualOutput_Experimental.dir/opt/pico-sdk/src/common/pico_sync/mutex.c.o
                0x20010ab0                mutex_exit
 .time_critical.flash_init_boot2_copyout
                0x20010ad8       0x30 CMakeFiles/CS80_DualOutput_Experimental.dir/opt/pico-sdk/src/rp2_common/hardware_flash/flash.c.o
 .time_critical.flash_enable_xip_via_boot2
                0x20010b08        0xc CMakeFiles/CS80_DualOutput_Experimental.dir/opt/pico-sdk/src/rp2_common/hardware_flash/flash.c.o
 .time_critical.flash_save_hardware_state
                0x20010b14       0x20 CMakeFiles/CS80_DualOutput_Experimental.dir/opt/pico-sdk/src/rp2_common/hardware_flash/flash.c.o
 .time_critical.flash_restore_hardware_state
                0x20010b34       0x20 CMakeFiles/CS80_DualOutput_Experimental.dir/opt/pico-sdk/src/rp2_common/hardware_flash/flash.c.o
 .time_critical.flash_cs_force
                0x20010b54       0x38 CMakeFiles/CS80_DualOutput_Experimental.dir/opt/pico-sdk/src/rp2_common/hardware_flash/flash.c.o
 .time_critical.flash_range_erase
                0x20010b8c       0x90 CMakeFiles/CS80_DualOutput_Experimental.dir/opt/pico-sdk/src/rp2_common/hardware_flash/flash.c.o
                0x20010b8c                flash_range_erase
 .time_critical.flash_range_program
                0x20010c1c       0x90 CMakeFiles/CS80_DualOutput_Experimental.dir/opt/pico-sdk/src/rp2_common/hardware_flash/flash.c.o
                0x20010c1c                flash_range_program
 .time_critical.flash_do_cmd
                0x20010cac      0x13c CMakeFiles/CS80_DualOutput_Experimental.dir/opt/pico-sdk/src/rp2_common/hardware_flash/flash.c.o
                0x20010cac                flash_do_cmd
 .time_critical.reset_non_control_endpoints
                0x20010de8       0x68 CMakeFiles/CS80_DualOutput_Experimental.dir/opt/pico-sdk/lib/tinyusb/src/portable/raspberrypi/rp2040/dcd_rp2040.c.o
 .time_critical.hw_handle_buff_status
                0x20010e50       0xa4 CMakeFiles/CS80_DualOutput_Experimental.dir/opt/pico-sdk/lib/tinyusb/src/portable/raspberrypi/rp2040/dcd_rp2040.c.o
 .time_critical.dcd_rp2040_irq
                0x20010ef4      0x560 CMakeFiles/CS80_DualOutput_Experimental.dir/opt/pico-sdk/lib/tinyusb/src/portable/raspberrypi/rp2040/dcd_rp2040.c.o
 .time_critical.prepare_ep_buffer
                0x20011454       0xc8 CMakeFiles/CS80_DualOutput_Experimental.dir/opt/pico-sdk/lib/tinyusb/src/portable/raspberrypi/rp2040/rp2040_usb.c.o
 .time_critical.sync_ep_buffer
                0x2001151c       0x9c CMakeFiles/CS80_DualOutput_Experimental.dir/opt/pico-sdk/lib/tinyusb/src/portable/raspberrypi/rp2040/rp2040_usb.c.o
 .time_critical._hw_endpoint_xfer_sync
                0x200115b8       0x28 CMakeFiles/CS80_DualOutput_Experimental.dir/opt/pico-sdk/lib/tinyusb/src/portable/raspberrypi/rp2040/rp2040_usb.c.o
 .time_critical.e15_is_bulkin_ep
                0x200115e0       0x28 CMakeFiles/CS80_DualOutput_Experimental.dir/opt/pico-sdk/lib/tinyusb/src/portable/raspberrypi/rp2040/rp2040_usb.c.o
 .time_critical.e15_is_critical_frame_period
                0x20011608       0x34 CMakeFiles/CS80_DualOutput_Experimental.dir/opt/pico-sdk/lib/tinyusb/src/portable/raspberrypi/rp2040/rp2040_usb.c.o
 .time_critical.hw_endpoint_reset_transfer
                0x2001163c        0xc CMakeFiles/CS80_DualOutput_Experimental.dir/opt/pico-sdk/lib/tinyusb/src/portable/raspberrypi/rp2040/rp2040_usb.c.o
                0x2001163c                hw_endpoint_reset_transfer
 .time_critical._hw_endpoint_buffer_control_update32
                0x20011648       0x50 CMakeFiles/CS80_DualOutput_Experimental.dir/opt/pico-sdk/lib/tinyusb/src/portable/raspberrypi/rp2040/rp2040_usb.c.o
                0x20011648                _hw_endpoint_buffer_control_update32
 .time_critical.hw_endpoint_start_next_buffer
                0x20011698       0x68 CMakeFiles/CS80_DualOutput_Experimental.dir/opt/pico-sdk/lib/tinyusb/src/portable/raspberrypi/rp2040/rp2040_usb.c.o
                0x20011698                hw_endpoint_start_next_buffer
 .time_critical.hw_endpoint_xfer_continue
                0x20011700       0x40 CMakeFiles/CS80_DualOutput_Experimental.dir/opt/pico-sdk/lib/tinyusb/src/portable/raspberrypi/rp2040/rp2040_usb.c.o
                0x20011700                hw_endpoint_xfer_continue
 .time_critical.tinyusb
                0x20011740      0x240 CMakeFiles/CS80_DualOutput_Experimental.dir/opt/pico-sdk/lib/tinyusb/src/device/usbd.c.o
                0x20011740                dcd_event_handler
 .time_critical.hw_xfer_complete
                0x20011980       0x40 CMakeFiles/CS80_DualOutput_Experimental.dir/opt/pico-sdk/lib/tinyusb/src/portable/raspberrypi/rp2040/hcd_rp2040.c.o
 .time_critical.hw_trans_complete
                0x200119c0       0x20 CMakeFiles/CS80_DualOutput_Experimental.dir/opt/pico-sdk/lib/tinyusb/src/portable/raspberrypi/rp2040/hcd_rp2040.c.o
 .time_critical._handle_buff_status_bit
                0x200119e0       0x24 CMakeFiles/CS80_DualOutput_Experimental.dir/opt/pico-sdk/lib/tinyusb/src/portable/raspberrypi/rp2040/hcd_rp2040.c.o
 .time_critical.hw_handle_buff_status
                0x20011a04       0x84 CMakeFiles/CS80_DualOutput_Experimental.dir/opt/pico-sdk/lib/tinyusb/src/portable/raspberrypi/rp2040/hcd_rp2040.c.o
 .time_critical.hcd_rp2040_irq
                0x20011a88      0x190 CMakeFiles/CS80_DualOutput_Experimental.dir/opt/pico-sdk/lib/tinyusb/src/portable/raspberrypi/rp2040/hcd_rp2040.c.o
 .time_critical.tinyusb
                0x20011c18       0x78 CMakeFiles/CS80_DualOutput_Experimental.dir/opt/pico-sdk/lib/tinyusb/src/host/usbh.c.o
                0x20011c18                hcd_event_handler
                0x20011c90                        . = ALIGN (0x4)
 *(.rodata*)
 .rodata._Z11core1Workerv
                0x20011c90      0x174 CMakeFiles/CS80_DualOutput_Experimental.dir/CS80.cpp.o
 .rodata.tuh_midi_rx_cb
                0x20011e04      0x178 CMakeFiles/CS80_DualOutput_Experimental.dir/CS80.cpp.o
 .rodata.main.str1.4
                0x20011f7c      0x1ca CMakeFiles/CS80_DualOutput_Experimental.dir/CS80.cpp.o
                                 0x32 (size before relaxing)
 *fill*         0x20012146        0x2 
 .rodata._ZTV12ComputerCard
                0x20012148        0xc CMakeFiles/CS80_DualOutput_Experimental.dir/CS80.cpp.o
                0x20012148                vtable for ComputerCard
 .rodata._ZTV8CS80Card
                0x20012154        0xc CMakeFiles/CS80_DualOutput_Experimental.dir/CS80.cpp.o
                0x20012154                vtable for CS80Card
 .rodata._ZN12ComputerCard4ledsE
                0x20012160        0x6 CMakeFiles/CS80_DualOutput_Experimental.dir/CS80.cpp.o
                0x20012160                ComputerCard::leds
 *fill*         0x20012166        0x2 
 .rodata        0x20012168      0x280 CMakeFiles/CS80_DualOutput_Experimental.dir/CS80.cpp.o
 .rodata.cs80EnvelopeRateQ12
                0x200123e8       0x20 CMakeFiles/CS80_DualOutput_Experimental.dir/CS80_LUT.cpp.o
                0x200123e8                cs80EnvelopeRateQ12
 .rodata.cs80FilterAlphaQ12
                0x20012408       0x20 CMakeFiles/CS80_DualOutput_Experimental.dir/CS80_LUT.cpp.o
                0x20012408                cs80FilterAlphaQ12
 .rodata.cs80SemitoneRatioQ16
                0x20012428       0x34 CMakeFiles/CS80_DualOutput_Experimental.dir/CS80_LUT.cpp.o
                0x20012428                cs80SemitoneRatioQ16
 .rodata.cs80SineLUT
                0x2001245c       0x80 CMakeFiles/CS80_DualOutput_Experimental.dir/CS80_LUT.cpp.o
                0x2001245c                cs80SineLUT
 .rodata.str1.4
                0x200124dc       0x11 CMakeFiles/CS80_DualOutput_Experimental.dir/usb_descriptors.c.o
 .rodata.__compound_literal.0
                0x200124dc        0x2 CMakeFiles/CS80_DualOutput_Experimental.dir/usb_descriptors.c.o
 *fill*         0x200124de        0x2 
 .rodata.desc_configuration
                0x200124e0       0x65 CMakeFiles/CS80_DualOutput_Experimental.dir/usb_descriptors.c.o
                0x200124e0                desc_configuration
 *fill*         0x20012545        0x3 
 .rodata.desc_device
                0x20012548       0x12 CMakeFiles/CS80_DualOutput_Experimental.dir/usb_descriptors.c.o
                0x20012548                desc_device
 .rodata.panic.str1.4
                0x2001255a       0x12 CMakeFiles/CS80_DualOutput_Experimental.dir/opt/pico-sdk/src/rp2_common/pico_platform_panic/panic.c.o
 .rodata.spin_lock_claim_unused.str1.4
                0x2001255a       0x1b CMakeFiles/CS80_DualOutput_Experimental.dir/opt/pico-sdk/src/rp2_common/hardware_sync/sync.c.o
 .rodata.timer_hardware_alarm_claim.str1.4
                0x2001255a       0x22 CMakeFiles/CS80_DualOutput_Experimental.dir/opt/pico-sdk/src/rp2_common/hardware_timer/timer.c.o
 .rodata.hard_assertion_failure.str1.4
                0x2001255a        0xc CMakeFiles/CS80_DualOutput_Experimental.dir/opt/pico-sdk/src/rp2_common/pico_runtime/runtime.c.o
 .rodata.__wrap_malloc.str1.4
                0x2001255a        0xe CMakeFiles/CS80_DualOutput_Experimental.dir/opt/pico-sdk/src/rp2_common/pico_malloc/malloc.c.o
 .rodata.str1.4
                0x2001255a       0x54 CMakeFiles/CS80_DualOutput_Experimental.dir/opt/pico-sdk/src/rp2_common/pico_standard_binary_info/standard_binary_info.c.o
 *fill*         0x2001255a        0x2 
 .rodata.__bi_84
                0x2001255c        0xc CMakeFiles/CS80_DualOutput_Experimental.dir/opt/pico-sdk/src/rp2_common/pico_standard_binary_info/standard_binary_info.c.o
 .rodata.__bi_78
                0x20012568        0xc CMakeFiles/CS80_DualOutput_Experimental.dir/opt/pico-sdk/src/rp2_common/pico_standard_binary_info/standard_binary_info.c.o
 .rodata.__bi_54
                0x20012574        0xc CMakeFiles/CS80_DualOutput_Experimental.dir/opt/pico-sdk/src/rp2_common/pico_standard_binary_info/standard_binary_info.c.o
 .rodata.__bi_48
                0x20012580        0xc CMakeFiles/CS80_DualOutput_Experimental.dir/opt/pico-sdk/src/rp2_common/pico_standard_binary_info/standard_binary_info.c.o
 .rodata.__bi_42
                0x2001258c        0xc CMakeFiles/CS80_DualOutput_Experimental.dir/opt/pico-sdk/src/rp2_common/pico_standard_binary_info/standard_binary_info.c.o
 .rodata.__bi_34
                0x20012598        0xc CMakeFiles/CS80_DualOutput_Experimental.dir/opt/pico-sdk/src/rp2_common/pico_standard_binary_info/standard_binary_info.c.o
 .rodata.__bi_26
                0x200125a4        0xc CMakeFiles/CS80_DualOutput_Experimental.dir/opt/pico-sdk/src/rp2_common/pico_standard_binary_info/standard_binary_info.c.o
 .rodata.crlf_str.0
                0x200125b0        0x2 CMakeFiles/CS80_DualOutput_Experimental.dir/opt/pico-sdk/src/rp2_common/pico_stdio/stdio.c.o
 .rodata.str1.4
                0x200125b2       0x14 CMakeFiles/CS80_DualOutput_Experimental.dir/opt/pico-sdk/lib/tinyusb/src/portable/raspberrypi/rp2040/dcd_rp2040.c.o
 .rodata.str1.4
                0x200125b2       0x48 CMakeFiles/CS80_DualOutput_Experimental.dir/opt/pico-sdk/lib/tinyusb/src/portable/raspberrypi/rp2040/rp2040_usb.c.o
 *fill*         0x200125b2        0x2 
 .rodata.tud_task_ext
                0x200125b4       0x8c CMakeFiles/CS80_DualOutput_Experimental.dir/opt/pico-sdk/lib/tinyusb/src/device/usbd.c.o
 .rodata        0x20012640       0x20 CMakeFiles/CS80_DualOutput_Experimental.dir/opt/pico-sdk/lib/tinyusb/src/device/usbd.c.o
 .rodata._usbd_driver
                0x20012660       0x24 CMakeFiles/CS80_DualOutput_Experimental.dir/opt/pico-sdk/lib/tinyusb/src/device/usbd.c.o
 .rodata.str1.4
                0x20012684       0x40 CMakeFiles/CS80_DualOutput_Experimental.dir/opt/pico-sdk/lib/tinyusb/src/portable/raspberrypi/rp2040/hcd_rp2040.c.o
 .rodata.hcd_port_speed_get.str1.4
                0x20012684        0xf CMakeFiles/CS80_DualOutput_Experimental.dir/opt/pico-sdk/lib/tinyusb/src/portable/raspberrypi/rp2040/hcd_rp2040.c.o
 .rodata.process_enumeration
                0x20012684       0x50 CMakeFiles/CS80_DualOutput_Experimental.dir/opt/pico-sdk/lib/tinyusb/src/host/usbh.c.o
 .rodata        0x200126d4        0x8 CMakeFiles/CS80_DualOutput_Experimental.dir/opt/pico-sdk/lib/tinyusb/src/host/hub.c.o
 .rodata.str1.4
                0x200126dc        0x4 CMakeFiles/CS80_DualOutput_Experimental.dir/opt/pico-sdk/lib/tinyusb/hw/bsp/rp2040/family.c.o
 .rodata.__bi_188.0
                0x200126dc        0xc CMakeFiles/CS80_DualOutput_Experimental.dir/opt/pico-sdk/lib/tinyusb/hw/bsp/rp2040/family.c.o
 .rodata.__bi_198.1
                0x200126e8        0x8 CMakeFiles/CS80_DualOutput_Experimental.dir/opt/pico-sdk/lib/tinyusb/hw/bsp/rp2040/family.c.o
 .rodata.dma_claim_unused_channel.str1.4
                0x200126f0       0x1e CMakeFiles/CS80_DualOutput_Experimental.dir/opt/pico-sdk/src/rp2_common/hardware_dma/dma.c.o
                0x20012710                        . = ALIGN (0x4)
 *(.data*)
 .data._ZZN12ComputerCard10BufferFullEvE14startupCounter
                0x200126f0        0x4 CMakeFiles/CS80_DualOutput_Experimental.dir/CS80.cpp.o
 .data._ZZN12ComputerCard15next_norm_probeEvE8lcg_seed
                0x200126f4        0x4 CMakeFiles/CS80_DualOutput_Experimental.dir/CS80.cpp.o
 .data._ZN12ComputerCard7cvValueE
                0x200126f8        0x8 CMakeFiles/CS80_DualOutput_Experimental.dir/CS80.cpp.o
                0x200126f8                ComputerCard::cvValue
 .data.string_desc_arr
                0x20012700       0x10 CMakeFiles/CS80_DualOutput_Experimental.dir/usb_descriptors.c.o
                0x20012700                string_desc_arr
 .data.midih_limits
                0x20012710        0xc CMakeFiles/CS80_DualOutput_Experimental.dir/usb_midi_host.c.o
 .data.host_driver.0
                0x2001271c       0x1c CMakeFiles/CS80_DualOutput_Experimental.dir/usb_midi_host_app_driver.c.o
 .data.striped_spin_lock_num
                0x20012738        0x1 CMakeFiles/CS80_DualOutput_Experimental.dir/opt/pico-sdk/src/rp2_common/hardware_sync/sync.c.o
 *fill*         0x20012739        0x3 
 .data          0x2001273c       0x48 CMakeFiles/CS80_DualOutput_Experimental.dir/opt/pico-sdk/src/rp2_common/hardware_irq/irq_handler_chain.S.o
                0x2001273c                irq_handler_chain_slots
                0x2001276c                irq_handler_chain_first_slot
                0x20012776                irq_handler_chain_remove_tail
 .data.default_alarm_pool
                0x20012784       0x18 CMakeFiles/CS80_DualOutput_Experimental.dir/opt/pico-sdk/src/common/pico_time/time.c.o
 *fill*         0x2001279c        0x4 
 .data.aeabi_bits_funcs
                0x200127a0       0x10 CMakeFiles/CS80_DualOutput_Experimental.dir/opt/pico-sdk/src/rp2_common/pico_bit_ops/bit_ops_aeabi.S.o
                0x200127a0                aeabi_bits_funcs
                0x200127b0                aeabi_bits_funcs_end
 .data.aeabi_mem_funcs
                0x200127b0       0x10 CMakeFiles/CS80_DualOutput_Experimental.dir/opt/pico-sdk/src/rp2_common/pico_mem_ops/mem_ops_aeabi.S.o
                0x200127b0                aeabi_mem_funcs
                0x200127c0                aeabi_mem_funcs_end
 .data._usbd_qdef
                0x200127c0       0x1c CMakeFiles/CS80_DualOutput_Experimental.dir/opt/pico-sdk/lib/tinyusb/src/device/usbd.c.o
                0x200127c0                _usbd_qdef
 .data._usbd_rhport
                0x200127dc        0x1 CMakeFiles/CS80_DualOutput_Experimental.dir/opt/pico-sdk/lib/tinyusb/src/device/usbd.c.o
 *fill*         0x200127dd        0x3 
 .data._usbh_data
                0x200127e0       0x1c CMakeFiles/CS80_DualOutput_Experimental.dir/opt/pico-sdk/lib/tinyusb/src/host/usbh.c.o
 .data._usbh_qdef
                0x200127fc       0x1c CMakeFiles/CS80_DualOutput_Experimental.dir/opt/pico-sdk/lib/tinyusb/src/host/usbh.c.o
                0x200127fc                _usbh_qdef
 .data.i2c0_inst
                0x20012818        0x8 CMakeFiles/CS80_DualOutput_Experimental.dir/opt/pico-sdk/src/rp2_common/hardware_i2c/i2c.c.o
                0x20012818                i2c0_inst
 .data.__malloc_sbrk_base
                0x20012820        0x4 /opt/arm-toolchain/bin/../lib/gcc/arm-none-eabi/14.2.1/../../../../arm-none-eabi/lib/thumb/v6-m/nofp/libg.a(libc_a-mallocr.o)
                0x20012820                __malloc_sbrk_base
 .data.__malloc_trim_threshold
                0x20012824        0x4 /opt/arm-toolchain/bin/../lib/gcc/arm-none-eabi/14.2.1/../../../../arm-none-eabi/lib/thumb/v6-m/nofp/libg.a(libc_a-mallocr.o)
                0x20012824                __malloc_trim_threshold
 .data.__malloc_av_
                0x20012828      0x408 /opt/arm-toolchain/bin/../lib/gcc/arm-none-eabi/14.2.1/../../../../arm-none-eabi/lib/thumb/v6-m/nofp/libg.a(libc_a-mallocr.o)
                0x20012828                __malloc_av_
 .data._impure_ptr
                0x20012c30        0x4 /opt/arm-toolchain/bin/../lib/gcc/arm-none-eabi/14.2.1/../../../../arm-none-eabi/lib/thumb/v6-m/nofp/libg.a(libc_a-impure.o)
                0x20012c30                _impure_ptr
 *fill*         0x20012c34        0x4 
 .data._impure_data
                0x20012c38      0x140 /opt/arm-toolchain/bin/../lib/gcc/arm-none-eabi/14.2.1/../../../../arm-none-eabi/lib/thumb/v6-m/nofp/libg.a(libc_a-impure.o)
                0x20012c38                _impure_data
                0x20012d78                        . = ALIGN (0x4)
 *(.after_data.*)
                0x20012d78                        . = ALIGN (0x4)
                0x20012d78                        PROVIDE (__mutex_array_start = .)
 *(SORT_BY_NAME(.mutex_array.*))
 *(.mutex_array)
 .mutex_array   0x20012d78        0x8 CMakeFiles/CS80_DualOutput_Experimental.dir/opt/pico-sdk/src/rp2_common/pico_malloc/malloc.c.o
 .mutex_array   0x20012d80        0x8 CMakeFiles/CS80_DualOutput_Experimental.dir/opt/pico-sdk/src/rp2_common/pico_stdio/stdio.c.o
                0x20012d88                        PROVIDE (__mutex_array_end = .)
                0x20012d88                        . = ALIGN (0x4)
                0x20012d88                        PROVIDE (__preinit_array_start = .)
 *(SORT_BY_NAME(.preinit_array.*))
 .preinit_array.00100
                0x20012d88        0x4 CMakeFiles/CS80_DualOutput_Experimental.dir/opt/pico-sdk/src/rp2_common/pico_runtime_init/runtime_init.c.o
                0x20012d88                __pre_init_runtime_init_early_resets
 .preinit_array.00101
                0x20012d8c        0x4 CMakeFiles/CS80_DualOutput_Experimental.dir/opt/pico-sdk/src/rp2_common/pico_runtime_init/runtime_init.c.o
                0x20012d8c                __pre_init_runtime_init_usb_power_down
 .preinit_array.00275
                0x20012d90        0x4 CMakeFiles/CS80_DualOutput_Experimental.dir/opt/pico-sdk/src/rp2_common/pico_bit_ops/bit_ops_aeabi.S.o
 .preinit_array.00300
                0x20012d94        0x4 CMakeFiles/CS80_DualOutput_Experimental.dir/opt/pico-sdk/src/rp2_common/pico_mem_ops/mem_ops_aeabi.S.o
 .preinit_array.00350
                0x20012d98        0x4 CMakeFiles/CS80_DualOutput_Experimental.dir/opt/pico-sdk/src/rp2_common/pico_double/double_aeabi_rp2040.S.o
 .preinit_array.00350
                0x20012d9c        0x4 CMakeFiles/CS80_DualOutput_Experimental.dir/opt/pico-sdk/src/rp2_common/pico_float/float_aeabi_rp2040.S.o
 .preinit_array.00500
                0x20012da0        0x4 CMakeFiles/CS80_DualOutput_Experimental.dir/opt/pico-sdk/src/rp2_common/pico_runtime_init/runtime_init.c.o
                0x20012da0                __pre_init_runtime_init_clocks
 .preinit_array.00600
                0x20012da4        0x4 CMakeFiles/CS80_DualOutput_Experimental.dir/opt/pico-sdk/src/rp2_common/pico_runtime_init/runtime_init.c.o
                0x20012da4                __pre_init_runtime_init_post_clock_resets
 .preinit_array.00700
                0x20012da8        0x4 CMakeFiles/CS80_DualOutput_Experimental.dir/opt/pico-sdk/src/rp2_common/pico_runtime_init/runtime_init.c.o
                0x20012da8                __pre_init_runtime_init_rp2040_gpio_ie_disable
 .preinit_array.01000
                0x20012dac        0x4 CMakeFiles/CS80_DualOutput_Experimental.dir/opt/pico-sdk/src/rp2_common/pico_runtime_init/runtime_init.c.o
                0x20012dac                __pre_init_runtime_init_spin_locks_reset
 .preinit_array.01100
                0x20012db0        0x4 CMakeFiles/CS80_DualOutput_Experimental.dir/opt/pico-sdk/src/common/pico_sync/mutex.c.o
                0x20012db0                __pre_init_runtime_init_mutex
 .preinit_array.10080
                0x20012db4        0x4 CMakeFiles/CS80_DualOutput_Experimental.dir/opt/pico-sdk/src/rp2_common/pico_runtime_init/runtime_init.c.o
                0x20012db4                __pre_init_runtime_init_install_ram_vector_table
 .preinit_array.11000
                0x20012db8        0x4 CMakeFiles/CS80_DualOutput_Experimental.dir/opt/pico-sdk/src/common/pico_time/time.c.o
                0x20012db8                __pre_init_runtime_init_default_alarm_pool
 .preinit_array.YYYYY
                0x20012dbc        0x4 CMakeFiles/CS80_DualOutput_Experimental.dir/opt/pico-sdk/src/rp2_common/pico_runtime/runtime.c.o
                0x20012dbc                __pre_init_first_per_core_initializer
 .preinit_array.ZZZZZ.01200
                0x20012dc0        0x4 CMakeFiles/CS80_DualOutput_Experimental.dir/opt/pico-sdk/src/rp2_common/hardware_irq/irq.c.o
                0x20012dc0                __pre_init_runtime_init_per_core_irq_priorities
 *(.preinit_array)
                0x20012dc4                        PROVIDE (__preinit_array_end = .)
                0x20012dc4                        . = ALIGN (0x4)
                0x20012dc4                        PROVIDE (__init_array_start = .)
 *(SORT_BY_NAME(.init_array.*))
 .init_array.01000
                0x20012dc4        0x4 CMakeFiles/CS80_DualOutput_Experimental.dir/opt/pico-sdk/src/rp2_common/pico_unique_id/unique_id.c.o
 *(.init_array)
 .init_array    0x20012dc8        0x4 /opt/arm-toolchain/bin/../lib/gcc/arm-none-eabi/14.2.1/thumb/v6-m/nofp/crtbegin.o
 .init_array    0x20012dcc        0x4 CMakeFiles/CS80_DualOutput_Experimental.dir/CS80.cpp.o
                0x20012dd0                        PROVIDE (__init_array_end = .)
                0x20012dd0                        . = ALIGN (0x4)
                [!provide]                        PROVIDE (__fini_array_start = .)
 *(SORT_BY_NAME(.fini_array.*))
 *(.fini_array)
                [!provide]                        PROVIDE (__fini_array_end = .)
 *(.jcr)
                0x20012dd0                        . = ALIGN (0x4)

.tm_clone_table
                0x20012dd0        0x0 load address 0x10012fc0
 .tm_clone_table
                0x20012dd0        0x0 /opt/arm-toolchain/bin/../lib/gcc/arm-none-eabi/14.2.1/thumb/v6-m/nofp/crtbegin.o
 .tm_clone_table
                0x20012dd0        0x0 /opt/arm-toolchain/bin/../lib/gcc/arm-none-eabi/14.2.1/thumb/v6-m/nofp/crtend.o

.igot.plt       0x20012dd0        0x0 load address 0x10012fc0
 .igot.plt      0x20012dd0        0x0 /opt/arm-toolchain/bin/../lib/gcc/arm-none-eabi/14.2.1/thumb/v6-m/nofp/crtbegin.o

.tdata          0x20012dd0        0x0 load address 0x10012fc0
                0x20012dd0                        . = ALIGN (0x4)
 *(.tdata .tdata.* .gnu.linkonce.td.*)
                0x20012dd0                        __tdata_end = .
                0x20012dd0                        PROVIDE (__data_end__ = .)
                0x100102c0                        __etext = LOADADDR (.data)

.tbss           0x20012dd0        0x0 load address 0x10012fc0
                0x20012dd0                        . = ALIGN (0x4)
                0x20012dd0                        __bss_start__ = .
                0x20012dd0                        __tls_base = .
 *(.tbss .tbss.* .gnu.linkonce.tb.*)
 *(.tcommon)
                0x20012dd0                        __tls_end = .

.bss            0x20012dd0     0x2004 load address 0x10012fc0
                0x20012dd0                        . = ALIGN (0x4)
                0x20012dd0                        __tbss_end = .
 *(SORT_BY_ALIGNMENT(SORT_BY_NAME(.bss*)))
 .bss.card      0x20012dd0      0xb80 CMakeFiles/CS80_DualOutput_Experimental.dir/CS80.cpp.o
                0x20012dd0                card
 .bss.default_alarm_pool_entries
                0x20013950      0x180 CMakeFiles/CS80_DualOutput_Experimental.dir/opt/pico-sdk/src/common/pico_time/time.c.o
 .bss.sd_table  0x20013ad0      0x100 CMakeFiles/CS80_DualOutput_Experimental.dir/opt/pico-sdk/src/rp2_common/pico_double/double_init_rom_rp2040.c.o
                0x20013ad0                sd_table
 .bss.sf_table  0x20013bd0      0x100 CMakeFiles/CS80_DualOutput_Experimental.dir/opt/pico-sdk/src/rp2_common/pico_float/float_init_rom_rp2040.c.o